<html>
<body>
<pre>
<h1>µVision Build Log</h1>
<h2>Tool Versions:</h2>
IDE-Version: µVision V5.30.0.0
Copyright (C) 2020 ARM Ltd and ARM Germany GmbH. All rights reserved.
License Information: RMIT VN, RMIT VN, LIC=----
 
Tool Versions:
Toolchain:       MDK-Lite  Version: 5.30.0.0
Toolchain Path:  C:\Program Files\Program_Keil\Keil_v5\ARM\ARMCLANG\Bin
C Compiler:      ArmClang.exe V6.14
Assembler:       Armasm.exe V6.14
Linker/Locator:  ArmLink.exe V6.14
Library Manager: ArmAr.exe V6.14
Hex Converter:   FromElf.exe V6.14
CPU DLL:         SARMCM3.DLL V5.30.0.0
Dialog DLL:      DARMCM1.DLL V1.19.3.0
Target DLL:      NULink\Nu_Link.dll V3.02
Dialog DLL:      TARMCM1.DLL V1.14.2.0
 
<h2>Project:</h2>
C:\Users\s3977955\OneDrive - RMIT University\Embedded 2\Embedded2_Assignment3\battleShip\battleShip.uvprojx
Project File Date:  05/20/2024

<h2>Output:</h2>
*** Using Compiler 'V6.14', folder: 'C:\Program Files\Program_Keil\Keil_v5\ARM\ARMCLANG\Bin'
Rebuild target 'Target 1'
C:/Program Files/Program_Keil/Keil_v5/Library/NUC100Series/Source/system_NUC100Series.c(13): warning: In file included from...
C:/Program Files/Program_Keil/Keil_v5/Library/NUC100Series/Include\NUC100Series.h(150): warning: In file included from...
C:/Program Files/Program_Keil/Keil_v5/Library/CMSIS/Include\core_cm0.h(116): warning: In file included from...
C:/Program Files/Program_Keil/Keil_v5/Library/CMSIS/Include\core_cmInstr.h(406): warning: implicit conversion changes signedness: 'uint32_t' (aka 'unsigned int') to 'int32_t' (aka 'int') [-Wsign-conversion]
  return(result);
  ~~~~~~ ^~~~~~
C:/Program Files/Program_Keil/Keil_v5/Library/NUC100Series/Source/system_NUC100Series.c(13): warning: In file included from...
C:/Program Files/Program_Keil/Keil_v5/Library/NUC100Series/Include\NUC100Series.h(150): warning: In file included from...
C:/Program Files/Program_Keil/Keil_v5/Library/CMSIS/Include\core_cm0.h(574): warning: implicit conversion changes signedness: 'int' to 'unsigned int' [-Wsign-conversion]
    SCB->SHP[_SHP_IDX(IRQn)] = (SCB->SHP[_SHP_IDX(IRQn)] & ~(0xFF << _BIT_SHIFT(IRQn))) |
                                                         ~ ^~~~~~~~~~~~~~~~~~~~~~~~~~~
C:/Program Files/Program_Keil/Keil_v5/Library/CMSIS/Include\core_cm0.h(577): warning: implicit conversion changes signedness: 'int' to 'unsigned int' [-Wsign-conversion]
    NVIC->IP[_IP_IDX(IRQn)] = (NVIC->IP[_IP_IDX(IRQn)] & ~(0xFF << _BIT_SHIFT(IRQn))) |
                                                       ~ ^~~~~~~~~~~~~~~~~~~~~~~~~~~
C:/Program Files/Program_Keil/Keil_v5/Library/CMSIS/Include\core_cm0.h(608): warning: function 'NVIC_SystemReset' could be declared with attribute 'noreturn' [-Wmissing-noreturn]
{
^
C:/Program Files/Program_Keil/Keil_v5/Library/NUC100Series/Source/system_NUC100Series.c(13): warning: In file included from...
C:/Program Files/Program_Keil/Keil_v5/Library/NUC100Series/Include\NUC100Series.h(11321): warning: anonymous unions are a C11 extension [-Wc11-extensions]
    union
    ^
C:/Program Files/Program_Keil/Keil_v5/Library/NUC100Series/Include\NUC100Series.h(13605): warning: non-portable path to file '"sys.h"'; specified path differs in case from file name on disk [-Wnonportable-include-path]
#include "SYS.h"
         ^~~~~~~
         "sys.h"
C:/Program Files/Program_Keil/Keil_v5/Library/NUC100Series/Include\NUC100Series.h(13606): warning: non-portable path to file '"adc.h"'; specified path differs in case from file name on disk [-Wnonportable-include-path]
#include "ADC.h"
         ^~~~~~~
         "adc.h"
C:/Program Files/Program_Keil/Keil_v5/Library/NUC100Series/Include\NUC100Series.h(13607): warning: non-portable path to file '"fmc.h"'; specified path differs in case from file name on disk [-Wnonportable-include-path]
#include "FMC.h"
         ^~~~~~~
         "fmc.h"
C:/Program Files/Program_Keil/Keil_v5/Library/NUC100Series/Source/system_NUC100Series.c(13): warning: In file included from...
C:/Program Files/Program_Keil/Keil_v5/Library/NUC100Series/Include\NUC100Series.h(13607): warning: In file included from...
C:/Program Files/Program_Keil/Keil_v5/Library/StdDriver/Include\FMC.h(314): warning: implicit conversion changes signedness: 'int' to 'uint32_t' (aka 'unsigned int') [-Wsign-conversion]
    FMC->ISPADR = (u8index << 2);      /* Set UID Address. It must be word alignment. */
                ~  ~~~~~~~~^~~~
C:/Program Files/Program_Keil/Keil_v5/Library/NUC100Series/Source/system_NUC100Series.c(13): warning: In file included from...
C:/Program Files/Program_Keil/Keil_v5/Library/NUC100Series/Include\NUC100Series.h(13608): warning: non-portable path to file '"gpio.h"'; specified path differs in case from file name on disk [-Wnonportable-include-path]
#include "GPIO.h"
         ^~~~~~~~
         "gpio.h"
C:/Program Files/Program_Keil/Keil_v5/Library/NUC100Series/Include\NUC100Series.h(13609): warning: non-portable path to file '"i2c.h"'; specified path differs in case from file name on disk [-Wnonportable-include-path]
#include "I2C.h"
         ^~~~~~~
         "i2c.h"
C:/Program Files/Program_Keil/Keil_v5/Library/NUC100Series/Include\NUC100Series.h(13610): warning: non-portable path to file '"pwm.h"'; specified path differs in case from file name on disk [-Wnonportable-include-path]
#include "PWM.h"
         ^~~~~~~
         "pwm.h"
C:/Program Files/Program_Keil/Keil_v5/Library/NUC100Series/Include\NUC100Series.h(13611): warning: non-portable path to file '"spi.h"'; specified path differs in case from file name on disk [-Wnonportable-include-path]
#include "SPI.h"
         ^~~~~~~
         "spi.h"
C:/Program Files/Program_Keil/Keil_v5/Library/NUC100Series/Include\NUC100Series.h(13612): warning: non-portable path to file '"crc.h"'; specified path differs in case from file name on disk [-Wnonportable-include-path]
#include "CRC.h"
         ^~~~~~~
         "crc.h"
C:/Program Files/Program_Keil/Keil_v5/Library/NUC100Series/Include\NUC100Series.h(13613): warning: non-portable path to file '"timer.h"'; specified path differs in case from file name on disk [-Wnonportable-include-path]
#include "TIMER.h"
         ^~~~~~~~~
         "timer.h"
C:/Program Files/Program_Keil/Keil_v5/Library/NUC100Series/Include\NUC100Series.h(13614): warning: non-portable path to file '"wdt.h"'; specified path differs in case from file name on disk [-Wnonportable-include-path]
#include "WDT.h"
         ^~~~~~~
         "wdt.h"
C:/Program Files/Program_Keil/Keil_v5/Library/NUC100Series/Include\NUC100Series.h(13615): warning: non-portable path to file '"wwdt.h"'; specified path differs in case from file name on disk [-Wnonportable-include-path]
#include "WWDT.h"
         ^~~~~~~~
         "wwdt.h"
C:/Program Files/Program_Keil/Keil_v5/Library/NUC100Series/Include\NUC100Series.h(13616): warning: non-portable path to file '"rtc.h"'; specified path differs in case from file name on disk [-Wnonportable-include-path]
#include "RTC.h"
         ^~~~~~~
         "rtc.h"
C:/Program Files/Program_Keil/Keil_v5/Library/NUC100Series/Include\NUC100Series.h(13617): warning: non-portable path to file '"uart.h"'; specified path differs in case from file name on disk [-Wnonportable-include-path]
#include "UART.h"
         ^~~~~~~~
         "uart.h"
C:/Program Files/Program_Keil/Keil_v5/Library/NUC100Series/Include\NUC100Series.h(13618): warning: non-portable path to file '"i2s.h"'; specified path differs in case from file name on disk [-Wnonportable-include-path]
#include "I2S.h"
         ^~~~~~~
         "i2s.h"
C:/Program Files/Program_Keil/Keil_v5/Library/NUC100Series/Include\NUC100Series.h(13619): warning: non-portable path to file '"can.h"'; specified path differs in case from file name on disk [-Wnonportable-include-path]
#include "CAN.h"
         ^~~~~~~
         "can.h"
C:/Program Files/Program_Keil/Keil_v5/Library/NUC100Series/Include\NUC100Series.h(13620): warning: non-portable path to file '"usbd.h"'; specified path differs in case from file name on disk [-Wnonportable-include-path]
#include "USBD.h"
         ^~~~~~~~
         "usbd.h"
C:/Program Files/Program_Keil/Keil_v5/Library/NUC100Series/Source/system_NUC100Series.c(13): warning: In file included from...
C:/Program Files/Program_Keil/Keil_v5/Library/NUC100Series/Include\NUC100Series.h(13620): warning: In file included from...
C:/Program Files/Program_Keil/Keil_v5/Library/StdDriver/Include\USBD.h(638): warning: variable 'u32CfgAddr' may be uninitialized when used here [-Wconditional-uninitialized]
    return ((*((__IO uint32_t *)(u32CfgAddr))) & USBD_CFGP_SSTALL);
                                 ^~~~~~~~~~
C:/Program Files/Program_Keil/Keil_v5/Library/StdDriver/Include\USBD.h(622): note: initialize the variable 'u32CfgAddr' to silence this warning
    uint32_t u32CfgAddr;
                       ^
                        = 0
C:/Program Files/Program_Keil/Keil_v5/Library/NUC100Series/Source/system_NUC100Series.c(13): warning: In file included from...
C:/Program Files/Program_Keil/Keil_v5/Library/NUC100Series/Include\NUC100Series.h(13621): warning: non-portable path to file '"pdma.h"'; specified path differs in case from file name on disk [-Wnonportable-include-path]
#include "PDMA.h"
         ^~~~~~~~
         "pdma.h"
C:/Program Files/Program_Keil/Keil_v5/Library/NUC100Series/Include\NUC100Series.h(13622): warning: non-portable path to file '"sc.h"'; specified path differs in case from file name on disk [-Wnonportable-include-path]
#include "SC.h"
         ^~~~~~
         "sc.h"
C:/Program Files/Program_Keil/Keil_v5/Library/NUC100Series/Include\NUC100Series.h(13623): warning: non-portable path to file '"ps2.h"'; specified path differs in case from file name on disk [-Wnonportable-include-path]
#include "PS2.h"
         ^~~~~~~
         "ps2.h"
C:/Program Files/Program_Keil/Keil_v5/Library/NUC100Series/Include\NUC100Series.h(13624): warning: non-portable path to file '"clk.h"'; specified path differs in case from file name on disk [-Wnonportable-include-path]
#include "CLK.h"
         ^~~~~~~
         "clk.h"
C:/Program Files/Program_Keil/Keil_v5/Library/NUC100Series/Include\NUC100Series.h(13625): warning: non-portable path to file '"acmp.h"'; specified path differs in case from file name on disk [-Wnonportable-include-path]
#include "ACMP.h"
         ^~~~~~~~
         "acmp.h"
C:/Program Files/Program_Keil/Keil_v5/Library/NUC100Series/Source/system_NUC100Series.c(22): warning: no previous extern declaration for non-static variable 'gau32ClkSrcTbl' [-Wmissing-variable-declarations]
uint32_t gau32ClkSrcTbl[] = {__HXT, __LXT, __HSI, __LIRC, NULL, NULL, NULL, __HIRC};
         ^
C:/Program Files/Program_Keil/Keil_v5/Library/NUC100Series/Source/system_NUC100Series.c(22): note: declare 'static' if the variable is not intended to be used outside of this translation unit
uint32_t gau32ClkSrcTbl[] = {__HXT, __LXT, __HSI, __LIRC, NULL, NULL, NULL, __HIRC};
^
29 warnings generated.
compiling system_NUC100Series.c...
C:/Program Files/Program_Keil/Keil_v5/Library/StdDriver/Source/gpio.c(12): warning: In file included from...
C:/Program Files/Program_Keil/Keil_v5/Library/NUC100Series/Include\NUC100Series.h(150): warning: In file included from...
C:/Program Files/Program_Keil/Keil_v5/Library/CMSIS/Include\core_cm0.h(116): warning: In file included from...
C:/Program Files/Program_Keil/Keil_v5/Library/CMSIS/Include\core_cmInstr.h(406): warning: implicit conversion changes signedness: 'uint32_t' (aka 'unsigned int') to 'int32_t' (aka 'int') [-Wsign-conversion]
  return(result);
  ~~~~~~ ^~~~~~
C:/Program Files/Program_Keil/Keil_v5/Library/StdDriver/Source/gpio.c(12): warning: In file included from...
C:/Program Files/Program_Keil/Keil_v5/Library/NUC100Series/Include\NUC100Series.h(150): warning: In file included from...
C:/Program Files/Program_Keil/Keil_v5/Library/CMSIS/Include\core_cm0.h(574): warning: implicit conversion changes signedness: 'int' to 'unsigned int' [-Wsign-conversion]
    SCB->SHP[_SHP_IDX(IRQn)] = (SCB->SHP[_SHP_IDX(IRQn)] & ~(0xFF << _BIT_SHIFT(IRQn))) |
                                                         ~ ^~~~~~~~~~~~~~~~~~~~~~~~~~~
C:/Program Files/Program_Keil/Keil_v5/Library/CMSIS/Include\core_cm0.h(577): warning: implicit conversion changes signedness: 'int' to 'unsigned int' [-Wsign-conversion]
    NVIC->IP[_IP_IDX(IRQn)] = (NVIC->IP[_IP_IDX(IRQn)] & ~(0xFF << _BIT_SHIFT(IRQn))) |
                                                       ~ ^~~~~~~~~~~~~~~~~~~~~~~~~~~
C:/Program Files/Program_Keil/Keil_v5/Library/CMSIS/Include\core_cm0.h(608): warning: function 'NVIC_SystemReset' could be declared with attribute 'noreturn' [-Wmissing-noreturn]
{
^
C:/Program Files/Program_Keil/Keil_v5/Library/StdDriver/Source/gpio.c(12): warning: In file included from...
C:/Program Files/Program_Keil/Keil_v5/Library/NUC100Series/Include\NUC100Series.h(11321): warning: anonymous unions are a C11 extension [-Wc11-extensions]
    union
    ^
C:/Program Files/Program_Keil/Keil_v5/Library/NUC100Series/Include\NUC100Series.h(13605): warning: non-portable path to file '"sys.h"'; specified path differs in case from file name on disk [-Wnonportable-include-path]
#include "SYS.h"
         ^~~~~~~
         "sys.h"
C:/Program Files/Program_Keil/Keil_v5/Library/NUC100Series/Include\NUC100Series.h(13606): warning: non-portable path to file '"adc.h"'; specified path differs in case from file name on disk [-Wnonportable-include-path]
#include "ADC.h"
         ^~~~~~~
         "adc.h"
C:/Program Files/Program_Keil/Keil_v5/Library/NUC100Series/Include\NUC100Series.h(13607): warning: non-portable path to file '"fmc.h"'; specified path differs in case from file name on disk [-Wnonportable-include-path]
#include "FMC.h"
         ^~~~~~~
         "fmc.h"
C:/Program Files/Program_Keil/Keil_v5/Library/StdDriver/Source/gpio.c(12): warning: In file included from...
C:/Program Files/Program_Keil/Keil_v5/Library/NUC100Series/Include\NUC100Series.h(13607): warning: In file included from...
C:/Program Files/Program_Keil/Keil_v5/Library/StdDriver/Include\FMC.h(314): warning: implicit conversion changes signedness: 'int' to 'uint32_t' (aka 'unsigned int') [-Wsign-conversion]
    FMC->ISPADR = (u8index << 2);      /* Set UID Address. It must be word alignment. */
                ~  ~~~~~~~~^~~~
C:/Program Files/Program_Keil/Keil_v5/Library/StdDriver/Source/gpio.c(12): warning: In file included from...
C:/Program Files/Program_Keil/Keil_v5/Library/NUC100Series/Include\NUC100Series.h(13608): warning: non-portable path to file '"gpio.h"'; specified path differs in case from file name on disk [-Wnonportable-include-path]
#include "GPIO.h"
         ^~~~~~~~
         "gpio.h"
C:/Program Files/Program_Keil/Keil_v5/Library/NUC100Series/Include\NUC100Series.h(13609): warning: non-portable path to file '"i2c.h"'; specified path differs in case from file name on disk [-Wnonportable-include-path]
#include "I2C.h"
         ^~~~~~~
         "i2c.h"
C:/Program Files/Program_Keil/Keil_v5/Library/NUC100Series/Include\NUC100Series.h(13610): warning: non-portable path to file '"pwm.h"'; specified path differs in case from file name on disk [-Wnonportable-include-path]
#include "PWM.h"
         ^~~~~~~
         "pwm.h"
C:/Program Files/Program_Keil/Keil_v5/Library/NUC100Series/Include\NUC100Series.h(13611): warning: non-portable path to file '"spi.h"'; specified path differs in case from file name on disk [-Wnonportable-include-path]
#include "SPI.h"
         ^~~~~~~
         "spi.h"
C:/Program Files/Program_Keil/Keil_v5/Library/NUC100Series/Include\NUC100Series.h(13612): warning: non-portable path to file '"crc.h"'; specified path differs in case from file name on disk [-Wnonportable-include-path]
#include "CRC.h"
         ^~~~~~~
         "crc.h"
C:/Program Files/Program_Keil/Keil_v5/Library/NUC100Series/Include\NUC100Series.h(13613): warning: non-portable path to file '"timer.h"'; specified path differs in case from file name on disk [-Wnonportable-include-path]
#include "TIMER.h"
         ^~~~~~~~~
         "timer.h"
C:/Program Files/Program_Keil/Keil_v5/Library/NUC100Series/Include\NUC100Series.h(13614): warning: non-portable path to file '"wdt.h"'; specified path differs in case from file name on disk [-Wnonportable-include-path]
#include "WDT.h"
         ^~~~~~~
         "wdt.h"
C:/Program Files/Program_Keil/Keil_v5/Library/NUC100Series/Include\NUC100Series.h(13615): warning: non-portable path to file '"wwdt.h"'; specified path differs in case from file name on disk [-Wnonportable-include-path]
#include "WWDT.h"
         ^~~~~~~~
         "wwdt.h"
C:/Program Files/Program_Keil/Keil_v5/Library/NUC100Series/Include\NUC100Series.h(13616): warning: non-portable path to file '"rtc.h"'; specified path differs in case from file name on disk [-Wnonportable-include-path]
#include "RTC.h"
         ^~~~~~~
         "rtc.h"
C:/Program Files/Program_Keil/Keil_v5/Library/NUC100Series/Include\NUC100Series.h(13617): warning: non-portable path to file '"uart.h"'; specified path differs in case from file name on disk [-Wnonportable-include-path]
#include "UART.h"
         ^~~~~~~~
         "uart.h"
C:/Program Files/Program_Keil/Keil_v5/Library/NUC100Series/Include\NUC100Series.h(13618): warning: non-portable path to file '"i2s.h"'; specified path differs in case from file name on disk [-Wnonportable-include-path]
#include "I2S.h"
         ^~~~~~~
         "i2s.h"
C:/Program Files/Program_Keil/Keil_v5/Library/NUC100Series/Include\NUC100Series.h(13619): warning: non-portable path to file '"can.h"'; specified path differs in case from file name on disk [-Wnonportable-include-path]
#include "CAN.h"
         ^~~~~~~
         "can.h"
C:/Program Files/Program_Keil/Keil_v5/Library/NUC100Series/Include\NUC100Series.h(13620): warning: non-portable path to file '"usbd.h"'; specified path differs in case from file name on disk [-Wnonportable-include-path]
#include "USBD.h"
         ^~~~~~~~
         "usbd.h"
C:/Program Files/Program_Keil/Keil_v5/Library/StdDriver/Source/gpio.c(12): warning: In file included from...
C:/Program Files/Program_Keil/Keil_v5/Library/NUC100Series/Include\NUC100Series.h(13620): warning: In file included from...
C:/Program Files/Program_Keil/Keil_v5/Library/StdDriver/Include\USBD.h(638): warning: variable 'u32CfgAddr' may be uninitialized when used here [-Wconditional-uninitialized]
    return ((*((__IO uint32_t *)(u32CfgAddr))) & USBD_CFGP_SSTALL);
                                 ^~~~~~~~~~
C:/Program Files/Program_Keil/Keil_v5/Library/StdDriver/Include\USBD.h(622): note: initialize the variable 'u32CfgAddr' to silence this warning
    uint32_t u32CfgAddr;
                       ^
                        = 0
C:/Program Files/Program_Keil/Keil_v5/Library/StdDriver/Source/gpio.c(12): warning: In file included from...
C:/Program Files/Program_Keil/Keil_v5/Library/NUC100Series/Include\NUC100Series.h(13621): warning: non-portable path to file '"pdma.h"'; specified path differs in case from file name on disk [-Wnonportable-include-path]
#include "PDMA.h"
         ^~~~~~~~
         "pdma.h"
C:/Program Files/Program_Keil/Keil_v5/Library/NUC100Series/Include\NUC100Series.h(13622): warning: non-portable path to file '"sc.h"'; specified path differs in case from file name on disk [-Wnonportable-include-path]
#include "SC.h"
         ^~~~~~
         "sc.h"
C:/Program Files/Program_Keil/Keil_v5/Library/NUC100Series/Include\NUC100Series.h(13623): warning: non-portable path to file '"ps2.h"'; specified path differs in case from file name on disk [-Wnonportable-include-path]
#include "PS2.h"
         ^~~~~~~
         "ps2.h"
C:/Program Files/Program_Keil/Keil_v5/Library/NUC100Series/Include\NUC100Series.h(13624): warning: non-portable path to file '"clk.h"'; specified path differs in case from file name on disk [-Wnonportable-include-path]
#include "CLK.h"
         ^~~~~~~
         "clk.h"
C:/Program Files/Program_Keil/Keil_v5/Library/NUC100Series/Include\NUC100Series.h(13625): warning: non-portable path to file '"acmp.h"'; specified path differs in case from file name on disk [-Wnonportable-include-path]
#include "ACMP.h"
         ^~~~~~~~
         "acmp.h"
C:/Program Files/Program_Keil/Keil_v5/Library/StdDriver/Source/gpio.c(48): warning: implicit conversion changes signedness: 'int' to 'unsigned int' [-Wsign-conversion]
            port->PMD = (port->PMD & ~(0x3 << (i << 1))) | (u32Mode << (i << 1));
                                   ~ ^~~~~~~~~~~~~~~~~~
29 warnings generated.
compiling gpio.c...
C:/Program Files/Program_Keil/Keil_v5/Library/StdDriver/Source/clk.c(12): warning: In file included from...
C:/Program Files/Program_Keil/Keil_v5/Library/NUC100Series/Include\NUC100Series.h(150): warning: In file included from...
C:/Program Files/Program_Keil/Keil_v5/Library/CMSIS/Include\core_cm0.h(116): warning: In file included from...
C:/Program Files/Program_Keil/Keil_v5/Library/CMSIS/Include\core_cmInstr.h(406): warning: implicit conversion changes signedness: 'uint32_t' (aka 'unsigned int') to 'int32_t' (aka 'int') [-Wsign-conversion]
  return(result);
  ~~~~~~ ^~~~~~
C:/Program Files/Program_Keil/Keil_v5/Library/StdDriver/Source/clk.c(12): warning: In file included from...
C:/Program Files/Program_Keil/Keil_v5/Library/NUC100Series/Include\NUC100Series.h(150): warning: In file included from...
C:/Program Files/Program_Keil/Keil_v5/Library/CMSIS/Include\core_cm0.h(574): warning: implicit conversion changes signedness: 'int' to 'unsigned int' [-Wsign-conversion]
    SCB->SHP[_SHP_IDX(IRQn)] = (SCB->SHP[_SHP_IDX(IRQn)] & ~(0xFF << _BIT_SHIFT(IRQn))) |
                                                         ~ ^~~~~~~~~~~~~~~~~~~~~~~~~~~
C:/Program Files/Program_Keil/Keil_v5/Library/CMSIS/Include\core_cm0.h(577): warning: implicit conversion changes signedness: 'int' to 'unsigned int' [-Wsign-conversion]
    NVIC->IP[_IP_IDX(IRQn)] = (NVIC->IP[_IP_IDX(IRQn)] & ~(0xFF << _BIT_SHIFT(IRQn))) |
                                                       ~ ^~~~~~~~~~~~~~~~~~~~~~~~~~~
C:/Program Files/Program_Keil/Keil_v5/Library/CMSIS/Include\core_cm0.h(608): warning: function 'NVIC_SystemReset' could be declared with attribute 'noreturn' [-Wmissing-noreturn]
{
^
C:/Program Files/Program_Keil/Keil_v5/Library/StdDriver/Source/clk.c(12): warning: In file included from...
C:/Program Files/Program_Keil/Keil_v5/Library/NUC100Series/Include\NUC100Series.h(11321): warning: anonymous unions are a C11 extension [-Wc11-extensions]
    union
    ^
C:/Program Files/Program_Keil/Keil_v5/Library/NUC100Series/Include\NUC100Series.h(13605): warning: non-portable path to file '"sys.h"'; specified path differs in case from file name on disk [-Wnonportable-include-path]
#include "SYS.h"
         ^~~~~~~
         "sys.h"
C:/Program Files/Program_Keil/Keil_v5/Library/NUC100Series/Include\NUC100Series.h(13606): warning: non-portable path to file '"adc.h"'; specified path differs in case from file name on disk [-Wnonportable-include-path]
#include "ADC.h"
         ^~~~~~~
         "adc.h"
C:/Program Files/Program_Keil/Keil_v5/Library/NUC100Series/Include\NUC100Series.h(13607): warning: non-portable path to file '"fmc.h"'; specified path differs in case from file name on disk [-Wnonportable-include-path]
#include "FMC.h"
         ^~~~~~~
         "fmc.h"
C:/Program Files/Program_Keil/Keil_v5/Library/StdDriver/Source/clk.c(12): warning: In file included from...
C:/Program Files/Program_Keil/Keil_v5/Library/NUC100Series/Include\NUC100Series.h(13607): warning: In file included from...
C:/Program Files/Program_Keil/Keil_v5/Library/StdDriver/Include\FMC.h(314): warning: implicit conversion changes signedness: 'int' to 'uint32_t' (aka 'unsigned int') [-Wsign-conversion]
    FMC->ISPADR = (u8index << 2);      /* Set UID Address. It must be word alignment. */
                ~  ~~~~~~~~^~~~
C:/Program Files/Program_Keil/Keil_v5/Library/StdDriver/Source/clk.c(12): warning: In file included from...
C:/Program Files/Program_Keil/Keil_v5/Library/NUC100Series/Include\NUC100Series.h(13608): warning: non-portable path to file '"gpio.h"'; specified path differs in case from file name on disk [-Wnonportable-include-path]
#include "GPIO.h"
         ^~~~~~~~
         "gpio.h"
C:/Program Files/Program_Keil/Keil_v5/Library/NUC100Series/Include\NUC100Series.h(13609): warning: non-portable path to file '"i2c.h"'; specified path differs in case from file name on disk [-Wnonportable-include-path]
#include "I2C.h"
         ^~~~~~~
         "i2c.h"
C:/Program Files/Program_Keil/Keil_v5/Library/NUC100Series/Include\NUC100Series.h(13610): warning: non-portable path to file '"pwm.h"'; specified path differs in case from file name on disk [-Wnonportable-include-path]
#include "PWM.h"
         ^~~~~~~
         "pwm.h"
C:/Program Files/Program_Keil/Keil_v5/Library/NUC100Series/Include\NUC100Series.h(13611): warning: non-portable path to file '"spi.h"'; specified path differs in case from file name on disk [-Wnonportable-include-path]
#include "SPI.h"
         ^~~~~~~
         "spi.h"
C:/Program Files/Program_Keil/Keil_v5/Library/NUC100Series/Include\NUC100Series.h(13612): warning: non-portable path to file '"crc.h"'; specified path differs in case from file name on disk [-Wnonportable-include-path]
#include "CRC.h"
         ^~~~~~~
         "crc.h"
C:/Program Files/Program_Keil/Keil_v5/Library/NUC100Series/Include\NUC100Series.h(13613): warning: non-portable path to file '"timer.h"'; specified path differs in case from file name on disk [-Wnonportable-include-path]
#include "TIMER.h"
         ^~~~~~~~~
         "timer.h"
C:/Program Files/Program_Keil/Keil_v5/Library/NUC100Series/Include\NUC100Series.h(13614): warning: non-portable path to file '"wdt.h"'; specified path differs in case from file name on disk [-Wnonportable-include-path]
#include "WDT.h"
         ^~~~~~~
         "wdt.h"
C:/Program Files/Program_Keil/Keil_v5/Library/NUC100Series/Include\NUC100Series.h(13615): warning: non-portable path to file '"wwdt.h"'; specified path differs in case from file name on disk [-Wnonportable-include-path]
#include "WWDT.h"
         ^~~~~~~~
         "wwdt.h"
C:/Program Files/Program_Keil/Keil_v5/Library/NUC100Series/Include\NUC100Series.h(13616): warning: non-portable path to file '"rtc.h"'; specified path differs in case from file name on disk [-Wnonportable-include-path]
#include "RTC.h"
         ^~~~~~~
         "rtc.h"
C:/Program Files/Program_Keil/Keil_v5/Library/NUC100Series/Include\NUC100Series.h(13617): warning: non-portable path to file '"uart.h"'; specified path differs in case from file name on disk [-Wnonportable-include-path]
#include "UART.h"
         ^~~~~~~~
         "uart.h"
C:/Program Files/Program_Keil/Keil_v5/Library/NUC100Series/Include\NUC100Series.h(13618): warning: non-portable path to file '"i2s.h"'; specified path differs in case from file name on disk [-Wnonportable-include-path]
#include "I2S.h"
         ^~~~~~~
         "i2s.h"
C:/Program Files/Program_Keil/Keil_v5/Library/NUC100Series/Include\NUC100Series.h(13619): warning: non-portable path to file '"can.h"'; specified path differs in case from file name on disk [-Wnonportable-include-path]
#include "CAN.h"
         ^~~~~~~
         "can.h"
C:/Program Files/Program_Keil/Keil_v5/Library/NUC100Series/Include\NUC100Series.h(13620): warning: non-portable path to file '"usbd.h"'; specified path differs in case from file name on disk [-Wnonportable-include-path]
#include "USBD.h"
         ^~~~~~~~
         "usbd.h"
C:/Program Files/Program_Keil/Keil_v5/Library/StdDriver/Source/clk.c(12): warning: In file included from...
C:/Program Files/Program_Keil/Keil_v5/Library/NUC100Series/Include\NUC100Series.h(13620): warning: In file included from...
C:/Program Files/Program_Keil/Keil_v5/Library/StdDriver/Include\USBD.h(638): warning: variable 'u32CfgAddr' may be uninitialized when used here [-Wconditional-uninitialized]
    return ((*((__IO uint32_t *)(u32CfgAddr))) & USBD_CFGP_SSTALL);
                                 ^~~~~~~~~~
C:/Program Files/Program_Keil/Keil_v5/Library/StdDriver/Include\USBD.h(622): note: initialize the variable 'u32CfgAddr' to silence this warning
    uint32_t u32CfgAddr;
                       ^
                        = 0
C:/Program Files/Program_Keil/Keil_v5/Library/StdDriver/Source/clk.c(12): warning: In file included from...
C:/Program Files/Program_Keil/Keil_v5/Library/NUC100Series/Include\NUC100Series.h(13621): warning: non-portable path to file '"pdma.h"'; specified path differs in case from file name on disk [-Wnonportable-include-path]
#include "PDMA.h"
         ^~~~~~~~
         "pdma.h"
C:/Program Files/Program_Keil/Keil_v5/Library/NUC100Series/Include\NUC100Series.h(13622): warning: non-portable path to file '"sc.h"'; specified path differs in case from file name on disk [-Wnonportable-include-path]
#include "SC.h"
         ^~~~~~
         "sc.h"
C:/Program Files/Program_Keil/Keil_v5/Library/NUC100Series/Include\NUC100Series.h(13623): warning: non-portable path to file '"ps2.h"'; specified path differs in case from file name on disk [-Wnonportable-include-path]
#include "PS2.h"
         ^~~~~~~
         "ps2.h"
C:/Program Files/Program_Keil/Keil_v5/Library/NUC100Series/Include\NUC100Series.h(13624): warning: non-portable path to file '"clk.h"'; specified path differs in case from file name on disk [-Wnonportable-include-path]
#include "CLK.h"
         ^~~~~~~
         "clk.h"
C:/Program Files/Program_Keil/Keil_v5/Library/NUC100Series/Include\NUC100Series.h(13625): warning: non-portable path to file '"acmp.h"'; specified path differs in case from file name on disk [-Wnonportable-include-path]
#include "ACMP.h"
         ^~~~~~~~
         "acmp.h"
28 warnings generated.
compiling clk.c...
assembling startup_NUC100Series.s...
main.c(5): warning: In file included from...
C:/Program Files/Program_Keil/Keil_v5/Library/NUC100Series/Include\NUC100Series.h(150): warning: In file included from...
C:/Program Files/Program_Keil/Keil_v5/Library/CMSIS/Include\core_cm0.h(116): warning: In file included from...
C:/Program Files/Program_Keil/Keil_v5/Library/CMSIS/Include\core_cmInstr.h(406): warning: implicit conversion changes signedness: 'uint32_t' (aka 'unsigned int') to 'int32_t' (aka 'int') [-Wsign-conversion]
  return(result);
  ~~~~~~ ^~~~~~
main.c(5): warning: In file included from...
C:/Program Files/Program_Keil/Keil_v5/Library/NUC100Series/Include\NUC100Series.h(150): warning: In file included from...
C:/Program Files/Program_Keil/Keil_v5/Library/CMSIS/Include\core_cm0.h(574): warning: implicit conversion changes signedness: 'int' to 'unsigned int' [-Wsign-conversion]
    SCB->SHP[_SHP_IDX(IRQn)] = (SCB->SHP[_SHP_IDX(IRQn)] & ~(0xFF << _BIT_SHIFT(IRQn))) |
                                                         ~ ^~~~~~~~~~~~~~~~~~~~~~~~~~~
C:/Program Files/Program_Keil/Keil_v5/Library/CMSIS/Include\core_cm0.h(577): warning: implicit conversion changes signedness: 'int' to 'unsigned int' [-Wsign-conversion]
    NVIC->IP[_IP_IDX(IRQn)] = (NVIC->IP[_IP_IDX(IRQn)] & ~(0xFF << _BIT_SHIFT(IRQn))) |
                                                       ~ ^~~~~~~~~~~~~~~~~~~~~~~~~~~
C:/Program Files/Program_Keil/Keil_v5/Library/CMSIS/Include\core_cm0.h(608): warning: function 'NVIC_SystemReset' could be declared with attribute 'noreturn' [-Wmissing-noreturn]
{
^
main.c(5): warning: In file included from...
C:/Program Files/Program_Keil/Keil_v5/Library/NUC100Series/Include\NUC100Series.h(11321): warning: anonymous unions are a C11 extension [-Wc11-extensions]
    union
    ^
C:/Program Files/Program_Keil/Keil_v5/Library/NUC100Series/Include\NUC100Series.h(13605): warning: non-portable path to file '"sys.h"'; specified path differs in case from file name on disk [-Wnonportable-include-path]
#include "SYS.h"
         ^~~~~~~
         "sys.h"
C:/Program Files/Program_Keil/Keil_v5/Library/NUC100Series/Include\NUC100Series.h(13606): warning: non-portable path to file '"adc.h"'; specified path differs in case from file name on disk [-Wnonportable-include-path]
#include "ADC.h"
         ^~~~~~~
         "adc.h"
C:/Program Files/Program_Keil/Keil_v5/Library/NUC100Series/Include\NUC100Series.h(13607): warning: non-portable path to file '"fmc.h"'; specified path differs in case from file name on disk [-Wnonportable-include-path]
#include "FMC.h"
         ^~~~~~~
         "fmc.h"
main.c(5): warning: In file included from...
C:/Program Files/Program_Keil/Keil_v5/Library/NUC100Series/Include\NUC100Series.h(13607): warning: In file included from...
C:/Program Files/Program_Keil/Keil_v5/Library/StdDriver/Include\FMC.h(314): warning: implicit conversion changes signedness: 'int' to 'uint32_t' (aka 'unsigned int') [-Wsign-conversion]
    FMC->ISPADR = (u8index << 2);      /* Set UID Address. It must be word alignment. */
                ~  ~~~~~~~~^~~~
main.c(5): warning: In file included from...
C:/Program Files/Program_Keil/Keil_v5/Library/NUC100Series/Include\NUC100Series.h(13608): warning: non-portable path to file '"gpio.h"'; specified path differs in case from file name on disk [-Wnonportable-include-path]
#include "GPIO.h"
         ^~~~~~~~
         "gpio.h"
C:/Program Files/Program_Keil/Keil_v5/Library/NUC100Series/Include\NUC100Series.h(13609): warning: non-portable path to file '"i2c.h"'; specified path differs in case from file name on disk [-Wnonportable-include-path]
#include "I2C.h"
         ^~~~~~~
         "i2c.h"
C:/Program Files/Program_Keil/Keil_v5/Library/NUC100Series/Include\NUC100Series.h(13610): warning: non-portable path to file '"pwm.h"'; specified path differs in case from file name on disk [-Wnonportable-include-path]
#include "PWM.h"
         ^~~~~~~
         "pwm.h"
C:/Program Files/Program_Keil/Keil_v5/Library/NUC100Series/Include\NUC100Series.h(13611): warning: non-portable path to file '"spi.h"'; specified path differs in case from file name on disk [-Wnonportable-include-path]
#include "SPI.h"
         ^~~~~~~
         "spi.h"
C:/Program Files/Program_Keil/Keil_v5/Library/NUC100Series/Include\NUC100Series.h(13612): warning: non-portable path to file '"crc.h"'; specified path differs in case from file name on disk [-Wnonportable-include-path]
#include "CRC.h"
         ^~~~~~~
         "crc.h"
C:/Program Files/Program_Keil/Keil_v5/Library/NUC100Series/Include\NUC100Series.h(13613): warning: non-portable path to file '"timer.h"'; specified path differs in case from file name on disk [-Wnonportable-include-path]
#include "TIMER.h"
         ^~~~~~~~~
         "timer.h"
C:/Program Files/Program_Keil/Keil_v5/Library/NUC100Series/Include\NUC100Series.h(13614): warning: non-portable path to file '"wdt.h"'; specified path differs in case from file name on disk [-Wnonportable-include-path]
#include "WDT.h"
         ^~~~~~~
         "wdt.h"
C:/Program Files/Program_Keil/Keil_v5/Library/NUC100Series/Include\NUC100Series.h(13615): warning: non-portable path to file '"wwdt.h"'; specified path differs in case from file name on disk [-Wnonportable-include-path]
#include "WWDT.h"
         ^~~~~~~~
         "wwdt.h"
C:/Program Files/Program_Keil/Keil_v5/Library/NUC100Series/Include\NUC100Series.h(13616): warning: non-portable path to file '"rtc.h"'; specified path differs in case from file name on disk [-Wnonportable-include-path]
#include "RTC.h"
         ^~~~~~~
         "rtc.h"
C:/Program Files/Program_Keil/Keil_v5/Library/NUC100Series/Include\NUC100Series.h(13617): warning: non-portable path to file '"uart.h"'; specified path differs in case from file name on disk [-Wnonportable-include-path]
#include "UART.h"
         ^~~~~~~~
         "uart.h"
C:/Program Files/Program_Keil/Keil_v5/Library/NUC100Series/Include\NUC100Series.h(13618): warning: non-portable path to file '"i2s.h"'; specified path differs in case from file name on disk [-Wnonportable-include-path]
#include "I2S.h"
         ^~~~~~~
         "i2s.h"
C:/Program Files/Program_Keil/Keil_v5/Library/NUC100Series/Include\NUC100Series.h(13619): warning: non-portable path to file '"can.h"'; specified path differs in case from file name on disk [-Wnonportable-include-path]
#include "CAN.h"
         ^~~~~~~
         "can.h"
C:/Program Files/Program_Keil/Keil_v5/Library/NUC100Series/Include\NUC100Series.h(13620): warning: non-portable path to file '"usbd.h"'; specified path differs in case from file name on disk [-Wnonportable-include-path]
#include "USBD.h"
         ^~~~~~~~
         "usbd.h"
main.c(5): warning: In file included from...
C:/Program Files/Program_Keil/Keil_v5/Library/NUC100Series/Include\NUC100Series.h(13620): warning: In file included from...
C:/Program Files/Program_Keil/Keil_v5/Library/StdDriver/Include\USBD.h(638): warning: variable 'u32CfgAddr' may be uninitialized when used here [-Wconditional-uninitialized]
    return ((*((__IO uint32_t *)(u32CfgAddr))) & USBD_CFGP_SSTALL);
                                 ^~~~~~~~~~
C:/Program Files/Program_Keil/Keil_v5/Library/StdDriver/Include\USBD.h(622): note: initialize the variable 'u32CfgAddr' to silence this warning
    uint32_t u32CfgAddr;
                       ^
                        = 0
main.c(5): warning: In file included from...
C:/Program Files/Program_Keil/Keil_v5/Library/NUC100Series/Include\NUC100Series.h(13621): warning: non-portable path to file '"pdma.h"'; specified path differs in case from file name on disk [-Wnonportable-include-path]
#include "PDMA.h"
         ^~~~~~~~
         "pdma.h"
C:/Program Files/Program_Keil/Keil_v5/Library/NUC100Series/Include\NUC100Series.h(13622): warning: non-portable path to file '"sc.h"'; specified path differs in case from file name on disk [-Wnonportable-include-path]
#include "SC.h"
         ^~~~~~
         "sc.h"
C:/Program Files/Program_Keil/Keil_v5/Library/NUC100Series/Include\NUC100Series.h(13623): warning: non-portable path to file '"ps2.h"'; specified path differs in case from file name on disk [-Wnonportable-include-path]
#include "PS2.h"
         ^~~~~~~
         "ps2.h"
C:/Program Files/Program_Keil/Keil_v5/Library/NUC100Series/Include\NUC100Series.h(13624): warning: non-portable path to file '"clk.h"'; specified path differs in case from file name on disk [-Wnonportable-include-path]
#include "CLK.h"
         ^~~~~~~
         "clk.h"
C:/Program Files/Program_Keil/Keil_v5/Library/NUC100Series/Include\NUC100Series.h(13625): warning: non-portable path to file '"acmp.h"'; specified path differs in case from file name on disk [-Wnonportable-include-path]
#include "ACMP.h"
         ^~~~~~~~
         "acmp.h"
main.c(37): warning: binary integer literals are a GNU extension [-Wgnu-binary-literal]
  0b10000010,  //Number 0          // ---a----
  ^
main.c(38): warning: binary integer literals are a GNU extension [-Wgnu-binary-literal]
  0b11101110,  //Number 1          // |      |
  ^
main.c(39): warning: binary integer literals are a GNU extension [-Wgnu-binary-literal]
  0b00000111,  //Number 2          // f      b
  ^
main.c(40): warning: binary integer literals are a GNU extension [-Wgnu-binary-literal]
  0b01000110,  //Number 3          // |      |
  ^
main.c(41): warning: binary integer literals are a GNU extension [-Wgnu-binary-literal]
  0b01101010,  //Number 4          // ---g----
  ^
main.c(42): warning: binary integer literals are a GNU extension [-Wgnu-binary-literal]
  0b01010010,  //Number 5          // |      |
  ^
main.c(43): warning: binary integer literals are a GNU extension [-Wgnu-binary-literal]
  0b00010010,  //Number 6          // e      c
  ^
main.c(44): warning: binary integer literals are a GNU extension [-Wgnu-binary-literal]
  0b11100110,  //Number 7          // |      |
  ^
main.c(45): warning: binary integer literals are a GNU extension [-Wgnu-binary-literal]
  0b00000010,  //Number 8          // ---d----
  ^
main.c(46): warning: binary integer literals are a GNU extension [-Wgnu-binary-literal]
  0b01000010,  //Number 9
  ^
main.c(47): warning: binary integer literals are a GNU extension [-Wgnu-binary-literal]
  0b11111111   //Blank LED 
  ^
main.c(36): warning: no previous extern declaration for non-static variable 'displayNum' [-Wmissing-variable-declarations]
int displayNum[] = {
    ^
main.c(36): note: declare 'static' if the variable is not intended to be used outside of this translation unit
int displayNum[] = {
^
main.c(50): warning: no previous extern declaration for non-static variable 'mapY' [-Wmissing-variable-declarations]
volatile int mapY = 0;
             ^
main.c(50): note: declare 'static' if the variable is not intended to be used outside of this translation unit
volatile int mapY = 0;
         ^
main.c(51): warning: no previous extern declaration for non-static variable 'mapX' [-Wmissing-variable-declarations]
volatile int mapX = 0;
             ^
main.c(51): note: declare 'static' if the variable is not intended to be used outside of this translation unit
volatile int mapX = 0;
         ^
main.c(53): warning: no previous extern declaration for non-static variable 'cleanLCD' [-Wmissing-variable-declarations]
volatile int cleanLCD = 0;
             ^
main.c(53): note: declare 'static' if the variable is not intended to be used outside of this translation unit
volatile int cleanLCD = 0;
         ^
main.c(54): warning: no previous extern declaration for non-static variable 'state' [-Wmissing-variable-declarations]
volatile int state = 0;
             ^
main.c(54): note: declare 'static' if the variable is not intended to be used outside of this translation unit
volatile int state = 0;
         ^
main.c(56): warning: no previous extern declaration for non-static variable 'digit' [-Wmissing-variable-declarations]
volatile int digit = 0;
             ^
main.c(56): note: declare 'static' if the variable is not intended to be used outside of this translation unit
volatile int digit = 0;
         ^
main.c(57): warning: no previous extern declaration for non-static variable 'isY' [-Wmissing-variable-declarations]
volatile bool isY = false;
              ^
main.c(57): note: declare 'static' if the variable is not intended to be used outside of this translation unit
volatile bool isY = false;
         ^
C:\Program Files\Program_Keil\Keil_v5\ARM\ARMCLANG\Bin\..\include\stdbool.h(15): note: expanded from macro 'bool'
    #define bool _Bool
                 ^
main.c(58): warning: no previous extern declaration for non-static variable 'x' [-Wmissing-variable-declarations]
volatile int x = 1;
             ^
main.c(58): note: declare 'static' if the variable is not intended to be used outside of this translation unit
volatile int x = 1;
         ^
main.c(59): warning: no previous extern declaration for non-static variable 'y' [-Wmissing-variable-declarations]
volatile int y = 1;
             ^
main.c(59): note: declare 'static' if the variable is not intended to be used outside of this translation unit
volatile int y = 1;
         ^
main.c(60): warning: no previous extern declaration for non-static variable 'shot' [-Wmissing-variable-declarations]
volatile int shot = 0;
             ^
main.c(60): note: declare 'static' if the variable is not intended to be used outside of this translation unit
volatile int shot = 0;
         ^
main.c(61): warning: no previous extern declaration for non-static variable 'hit' [-Wmissing-variable-declarations]
volatile int hit = 0;
             ^
main.c(61): note: declare 'static' if the variable is not intended to be used outside of this translation unit
volatile int hit = 0;
         ^
main.c(63): warning: no previous extern declaration for non-static variable 'isBuzzerOn' [-Wmissing-variable-declarations]
volatile int isBuzzerOn = 0;
             ^
main.c(63): note: declare 'static' if the variable is not intended to be used outside of this translation unit
volatile int isBuzzerOn = 0;
         ^
main.c(66): warning: no previous extern declaration for non-static variable 'view' [-Wmissing-variable-declarations]
volatile int view[8][8] = {
             ^
main.c(66): note: declare 'static' if the variable is not intended to be used outside of this translation unit
volatile int view[8][8] = {
         ^
main.c(81): warning: implicit conversion loses integer precision: 'int' to 'uint8_t' (aka 'unsigned char') [-Wimplicit-int-conversion]
                                        printC_5x7(row*16, col*8, '-');
                                        ~~~~~~~~~~ ~~~^~~
main.c(81): warning: implicit conversion loses integer precision: 'int' to 'uint8_t' (aka 'unsigned char') [-Wimplicit-int-conversion]
                                        printC_5x7(row*16, col*8, '-');
                                        ~~~~~~~~~~         ~~~^~
main.c(83): warning: implicit conversion loses integer precision: 'int' to 'uint8_t' (aka 'unsigned char') [-Wimplicit-int-conversion]
                                        printC_5x7(row*16, col*8, 'x');
                                        ~~~~~~~~~~ ~~~^~~
main.c(83): warning: implicit conversion loses integer precision: 'int' to 'uint8_t' (aka 'unsigned char') [-Wimplicit-int-conversion]
                                        printC_5x7(row*16, col*8, 'x');
                                        ~~~~~~~~~~         ~~~^~
main.c(77): warning: no previous prototype for function 'printMap' [-Wmissing-prototypes]
void printMap (void) {
     ^
main.c(77): note: declare 'static' if the function is not intended to be used outside of this translation unit
void printMap (void) {
^
static 
main.c(90): warning: no previous prototype for function 'reset' [-Wmissing-prototypes]
void reset() {
     ^
main.c(90): note: declare 'static' if the function is not intended to be used outside of this translation unit
void reset() {
^
static 
main.c(102): warning: no previous prototype for function 'setInputValue' [-Wmissing-prototypes]
void setInputValue(int value) {
     ^
main.c(102): note: declare 'static' if the function is not intended to be used outside of this translation unit
void setInputValue(int value) {
^
static 
main.c(124): warning: implicit conversion changes signedness: 'int' to 'unsigned int' [-Wsign-conversion]
    PA->DOUT &= ~(1<<3);
             ~~ ^~~~~~~
main.c(133): warning: implicit conversion changes signedness: 'int' to 'unsigned int' [-Wsign-conversion]
        PA->DOUT &= ~(1<<4);
                 ~~ ^~~~~~~
main.c(143): warning: implicit conversion changes signedness: 'int' to 'unsigned int' [-Wsign-conversion]
        PA->DOUT &= ~(1<<5);
                 ~~ ^~~~~~~
main.c(156): warning: implicit conversion changes signedness: 'int' to 'unsigned int' [-Wsign-conversion]
    PA->DOUT &= ~(1<<3);
             ~~ ^~~~~~~
main.c(166): warning: implicit conversion changes signedness: 'int' to 'unsigned int' [-Wsign-conversion]
        PA->DOUT &= ~(1<<4);
                 ~~ ^~~~~~~
main.c(176): warning: implicit conversion changes signedness: 'int' to 'unsigned int' [-Wsign-conversion]
                        PA->DOUT &= ~(1<<5);
                                 ~~ ^~~~~~~
main.c(189): warning: implicit conversion changes signedness: 'int' to 'unsigned int' [-Wsign-conversion]
                PA->DOUT &= ~(1<<3);
                         ~~ ^~~~~~~
main.c(200): warning: implicit conversion changes signedness: 'int' to 'unsigned int' [-Wsign-conversion]
                        PA->DOUT &= ~(1<<4);
                                 ~~ ^~~~~~~
main.c(210): warning: implicit conversion changes signedness: 'int' to 'unsigned int' [-Wsign-conversion]
                        PA->DOUT &= ~(1<<5);
                                 ~~ ^~~~~~~
main.c(223): warning: implicit conversion changes signedness: 'int' to 'unsigned int' [-Wsign-conversion]
  PA->DOUT &= ~(1<<3);
           ~~ ^~~~~~~
main.c(224): warning: implicit conversion changes signedness: 'int' to 'unsigned int' [-Wsign-conversion]
  PA->DOUT &= ~(1<<4);
           ~~ ^~~~~~~
main.c(225): warning: implicit conversion changes signedness: 'int' to 'unsigned int' [-Wsign-conversion]
  PA->DOUT &= ~(1<<5);
           ~~ ^~~~~~~
main.c(221): warning: no previous prototype for function 'keyPad_pressed' [-Wmissing-prototypes]
void keyPad_pressed(void) {
     ^
main.c(221): note: declare 'static' if the function is not intended to be used outside of this translation unit
void keyPad_pressed(void) {
^
static 
main.c(237): warning: binary integer literals are a GNU extension [-Wgnu-binary-literal]
  PA->PMD &= (~(0b11<< 6));
                ^
main.c(237): warning: implicit conversion changes signedness: 'int' to 'unsigned int' [-Wsign-conversion]
  PA->PMD &= (~(0b11<< 6));
          ~~  ^~~~~~~~~~~
main.c(238): warning: binary integer literals are a GNU extension [-Wgnu-binary-literal]
  PA->PMD |= (0b01 << 6);    
              ^
main.c(239): warning: binary integer literals are a GNU extension [-Wgnu-binary-literal]
  PA->PMD &= (~(0b11<< 8));
                ^
main.c(239): warning: implicit conversion changes signedness: 'int' to 'unsigned int' [-Wsign-conversion]
  PA->PMD &= (~(0b11<< 8));
          ~~  ^~~~~~~~~~~
main.c(240): warning: binary integer literals are a GNU extension [-Wgnu-binary-literal]
  PA->PMD |= (0b01 << 8);               
              ^
main.c(241): warning: binary integer literals are a GNU extension [-Wgnu-binary-literal]
  PA->PMD &= (~(0b11<< 10));
                ^
main.c(241): warning: implicit conversion changes signedness: 'int' to 'unsigned int' [-Wsign-conversion]
  PA->PMD &= (~(0b11<< 10));
          ~~  ^~~~~~~~~~~~
main.c(242): warning: binary integer literals are a GNU extension [-Wgnu-binary-literal]
  PA->PMD |= (0b01 << 10);
              ^
main.c(236): warning: no previous prototype for function 'Keypad_Setup' [-Wmissing-prototypes]
void Keypad_Setup(void) {
     ^
main.c(236): note: declare 'static' if the function is not intended to be used outside of this translation unit
void Keypad_Setup(void) {
^
static 
main.c(247): warning: implicit conversion changes signedness: 'int' to 'unsigned int' [-Wsign-conversion]
  PC->PMD &= (~(0xFF<< 8));                 //Clear PMD[15:8] 
          ~~  ^~~~~~~~~~~
main.c(248): warning: binary integer literals are a GNU extension [-Wgnu-binary-literal]
  PC->PMD |= (0b01010101 << 8);   //Set output push-pull for PC4 to PC7
              ^
main.c(245): warning: no previous prototype for function 'LED_Setup' [-Wmissing-prototypes]
void LED_Setup(void) {
     ^
main.c(245): note: declare 'static' if the function is not intended to be used outside of this translation unit
void LED_Setup(void) {
^
static 
main.c(252): warning: declaration shadows a variable in the global scope [-Wshadow]
void digitNumber(int digit, int num){
                     ^
main.c(56): note: previous declaration is here
volatile int digit = 0;
             ^
main.c(254): warning: implicit conversion changes signedness: 'int' to 'unsigned int' [-Wsign-conversion]
  PC->DOUT &= ~(1<<4);          //SC1
           ~~ ^~~~~~~
main.c(255): warning: implicit conversion changes signedness: 'int' to 'unsigned int' [-Wsign-conversion]
  PC->DOUT &= ~(1<<5);          //SC2
           ~~ ^~~~~~~
main.c(256): warning: implicit conversion changes signedness: 'int' to 'unsigned int' [-Wsign-conversion]
  PC->DOUT &= ~(1<<6);          //SC3
           ~~ ^~~~~~~
main.c(257): warning: implicit conversion changes signedness: 'int' to 'unsigned int' [-Wsign-conversion]
  PC->DOUT &= ~(1<<7);    //SC4
           ~~ ^~~~~~~
main.c(265): warning: implicit conversion changes signedness: 'int' to 'uint32_t' (aka 'unsigned int') [-Wsign-conversion]
  PE->DOUT = displayNum[num];
           ~ ^~~~~~~~~~~~~~~
main.c(267): warning: implicit conversion changes signedness: 'int' to 'uint32_t' (aka 'unsigned int') [-Wsign-conversion]
  PE->DOUT = displayNum[10];
           ~ ^~~~~~~~~~~~~~
main.c(252): warning: no previous prototype for function 'digitNumber' [-Wmissing-prototypes]
void digitNumber(int digit, int num){
     ^
main.c(252): note: declare 'static' if the function is not intended to be used outside of this translation unit
void digitNumber(int digit, int num){
^
static 
main.c(271): warning: no previous prototype for function 'displayDigit' [-Wmissing-prototypes]
void displayDigit() {
     ^
main.c(271): note: declare 'static' if the function is not intended to be used outside of this translation unit
void displayDigit() {
^
static 
main.c(330): warning: implicit conversion changes signedness: 'int' to 'unsigned int' [-Wsign-conversion]
                        TIMER0->TCSR &= ~(0x01 << 30);
                                     ~~ ^~~~~~~~~~~~~
main.c(370): warning: binary integer literals are a GNU extension [-Wgnu-binary-literal]
  CLK->CLKSEL0 &= ~(0b111 << 0);  // 12 MHz HXT
                    ^
main.c(370): warning: implicit conversion changes signedness: 'int' to 'unsigned int' [-Wsign-conversion]
  CLK->CLKSEL0 &= ~(0b111 << 0);  // 12 MHz HXT
               ~~ ^~~~~~~~~~~~~
main.c(371): warning: implicit conversion changes signedness: 'int' to 'unsigned int' [-Wsign-conversion]
  CLK->PWRCON &= ~(1<<7);         // Normal mode
              ~~ ^~~~~~~
main.c(373): warning: implicit conversion changes signedness: 'int' to 'unsigned int' [-Wsign-conversion]
  CLK->CLKDIV &= ~(0xF<<0);
              ~~ ^~~~~~~~~
main.c(377): warning: implicit conversion changes signedness: 'int' to 'unsigned int' [-Wsign-conversion]
        CLK->CLKSEL0 &= (~(0x07 << 0));
                     ~~  ^~~~~~~~~~~~
main.c(380): warning: implicit conversion changes signedness: 'int' to 'unsigned int' [-Wsign-conversion]
        CLK->CLKDIV &= (~0x0F << 0);
                    ~~  ~~~~~~^~~~
main.c(387): warning: implicit conversion changes signedness: 'int' to 'unsigned int' [-Wsign-conversion]
        CLK->CLKDIV &= ~(0x0F << 8);    // Clock Divider is 1
                    ~~ ^~~~~~~~~~~~
main.c(380): warning: shifting a negative signed value is undefined [-Wshift-negative-value]
        CLK->CLKDIV &= (~0x0F << 0);
                        ~~~~~ ^
main.c(393): warning: implicit conversion changes signedness: 'int' to 'unsigned int' [-Wsign-conversion]
        CLK->CLKSEL1 &= ~(0x07 << 8);
                     ~~ ^~~~~~~~~~~~
main.c(398): warning: implicit conversion changes signedness: 'int' to 'unsigned int' [-Wsign-conversion]
        TIMER0->TCSR &= ~(0xFF << 0);
                     ~~ ^~~~~~~~~~~~
main.c(405): warning: implicit conversion changes signedness: 'int' to 'unsigned int' [-Wsign-conversion]
        TIMER0->TCSR &= ~(0x03 << 27);          // Reset
                     ~~ ^~~~~~~~~~~~~
main.c(408): warning: implicit conversion changes signedness: 'int' to 'unsigned int' [-Wsign-conversion]
        TIMER0->TCSR &= ~(0x01 << 24);      // Disable CTB
                     ~~ ^~~~~~~~~~~~~
main.c(420): warning: implicit conversion changes signedness: 'int' to 'unsigned int' [-Wsign-conversion]
        NVIC->IP[2] &= ~(3 << 6);       // Reset value - Highest priority
                    ~~ ^~~~~~~~~
main.c(428): warning: implicit conversion changes signedness: 'int' to 'unsigned int' [-Wsign-conversion]
        PC->PMD &= (~(0x03 << 24));
                ~~  ^~~~~~~~~~~~~
main.c(431): warning: implicit conversion changes signedness: 'int' to 'unsigned int' [-Wsign-conversion]
        PC->PMD &= (~(0x03 << 26));
                ~~  ^~~~~~~~~~~~~
main.c(435): warning: implicit conversion changes signedness: 'int' to 'unsigned int' [-Wsign-conversion]
        PB->PMD &= (~(0x03 << 22));
                ~~  ^~~~~~~~~~~~~
main.c(441): warning: implicit conversion changes signedness: 'int' to 'unsigned int' [-Wsign-conversion]
        GPIO->DBNCECON &= ~(0xF << 0);  // Clear first
                       ~~ ^~~~~~~~~~~
main.c(445): warning: signed shift result (0xC0000000) sets the sign bit of the shift expression's type ('int') and becomes negative [-Wshift-sign-overflow]
        PB->PMD &= (~(0x03 << 30));             // Set pin mode to input
                      ~~~~ ^  ~~
main.c(447): warning: implicit conversion changes signedness: 'int' to 'unsigned int' [-Wsign-conversion]
        PB->IMD &= (~(0x01 << 15));             // 0: Trigger on edge -> Can control debounce
                ~~  ^~~~~~~~~~~~~
main.c(452): warning: signed shift result (0xC0000000) sets the sign bit of the shift expression's type ('int') and becomes negative [-Wshift-sign-overflow]
        NVIC->IP[0] &= (~(3 << 30));            // ISR priority
                          ~ ^  ~~
main.c(461): warning: implicit conversion changes signedness: 'int' to 'unsigned int' [-Wsign-conversion]
        SPI3->CNTRL &= ~(1 << 23);      //0: disable variable clock feature
                    ~~ ^~~~~~~~~~
main.c(462): warning: implicit conversion changes signedness: 'int' to 'unsigned int' [-Wsign-conversion]
        SPI3->CNTRL &= ~(1 << 22);      //0: disable two bits transfer mode
                    ~~ ^~~~~~~~~~
main.c(463): warning: implicit conversion changes signedness: 'int' to 'unsigned int' [-Wsign-conversion]
        SPI3->CNTRL &= ~(1 << 18);      //0: select Master mode
                    ~~ ^~~~~~~~~~
main.c(464): warning: implicit conversion changes signedness: 'int' to 'unsigned int' [-Wsign-conversion]
        SPI3->CNTRL &= ~(1 << 17);      //0: disable SPI interrupt
                    ~~ ^~~~~~~~~~
main.c(466): warning: implicit conversion changes signedness: 'int' to 'unsigned int' [-Wsign-conversion]
        SPI3->CNTRL &= ~(1 << 10);      //0: MSB is sent first
                    ~~ ^~~~~~~~~~
main.c(467): warning: implicit conversion changes signedness: 'int' to 'unsigned int' [-Wsign-conversion]
        SPI3->CNTRL &= ~(3 << 8);       //00: one transmit/receive word will be exe-cuted in one data transfer
                    ~~ ^~~~~~~~~
main.c(469): warning: implicit conversion changes signedness: 'int' to 'unsigned int' [-Wsign-conversion]
        SPI3->CNTRL &= ~(31 << 3);      //Transmit/Receive bit length
                    ~~ ^~~~~~~~~~
main.c(478): warning: implicit conversion changes signedness: 'int' to 'unsigned int' [-Wsign-conversion]
        PB->PMD &= ~(0x03 << 0);                        // PB.0 is input pin
                ~~ ^~~~~~~~~~~~
main.c(483): warning: implicit conversion changes signedness: 'int' to 'unsigned int' [-Wsign-conversion]
        UART0->FCR &= ~(0x0F << 16);  // FIFO Trigger Level is 1 byte
                   ~~ ^~~~~~~~~~~~~
main.c(485): warning: implicit conversion changes signedness: 'int' to 'unsigned int' [-Wsign-conversion]
        UART0->FCR &= ~(0xF << 4);              // RX FIFO by 1 byte (8bits)
                   ~~ ^~~~~~~~~~~
main.c(487): warning: implicit conversion changes signedness: 'int' to 'unsigned int' [-Wsign-conversion]
        UART0->LCR &= ~(0x01 << 3);   // No parity bit
                   ~~ ^~~~~~~~~~~~
main.c(488): warning: implicit conversion changes signedness: 'int' to 'unsigned int' [-Wsign-conversion]
        UART0->LCR &= ~(0x01 << 2);   // One stop bit
                   ~~ ^~~~~~~~~~~~
main.c(500): warning: implicit conversion changes signedness: 'int' to 'unsigned int' [-Wsign-conversion]
        NVIC->IP[3] &= ~(3 << 6); // UART02_INT Highest priority
                    ~~ ^~~~~~~~~
main.c(505): warning: implicit conversion changes signedness: 'int' to 'unsigned int' [-Wsign-conversion]
        UART0->BAUD &= ~(0x0FFFF << 0);
                    ~~ ^~~~~~~~~~~~~~~
main.c(507): warning: implicit conversion changes signedness: 'int' to 'unsigned int' [-Wsign-conversion]
        UART0->BAUD &= ~(0x03 << 28); // Mode 0
                    ~~ ^~~~~~~~~~~~~
main.c(513): warning: implicit conversion loses integer precision: 'volatile uint32_t' (aka 'volatile unsigned int') to 'char' [-Wimplicit-int-conversion]
                        return(UART0->DATA);
                        ~~~~~~ ~~~~~~~^~~~
main.c(542): warning: no previous prototype for function 'EINT1_IRQHandler' [-Wmissing-prototypes]
void EINT1_IRQHandler(void) {
     ^
main.c(542): note: declare 'static' if the function is not intended to be used outside of this translation unit
void EINT1_IRQHandler(void) {
^
static 
main.c(619): warning: implicit conversion changes signedness: 'int' to 'unsigned int' [-Wsign-conversion]
        SPI3->SSR &= ~(1 << 0);
                  ~~ ^~~~~~~~~
main.c(627): warning: implicit conversion changes signedness: 'int' to 'unsigned int' [-Wsign-conversion]
        SPI3->SSR &= ~(1 << 0);
                  ~~ ^~~~~~~~~
main.c(640): warning: '&' within '|' [-Wbitwise-op-parentheses]
        LCD_command(0x10 | (ColumnAddr >> 4) & 0xF);
                         ~ ~~~~~~~~~~~~~~~~~~^~~~~
main.c(640): note: place parentheses around the '&' expression to silence this warning
        LCD_command(0x10 | (ColumnAddr >> 4) & 0xF);
                                             ^
                           (                      )
main.c(65): warning: no previous extern declaration for non-static variable 'map' [-Wmissing-variable-declarations]
volatile int map[8][8];
             ^
main.c(65): note: declare 'static' if the variable is not intended to be used outside of this translation unit
volatile int map[8][8];
         ^
136 warnings generated.
compiling main.c...
C:/Program Files/Program_Keil/Keil_v5/Library/StdDriver/Source/spi.c(11): warning: In file included from...
C:/Program Files/Program_Keil/Keil_v5/Library/NUC100Series/Include\NUC100Series.h(150): warning: In file included from...
C:/Program Files/Program_Keil/Keil_v5/Library/CMSIS/Include\core_cm0.h(116): warning: In file included from...
C:/Program Files/Program_Keil/Keil_v5/Library/CMSIS/Include\core_cmInstr.h(406): warning: implicit conversion changes signedness: 'uint32_t' (aka 'unsigned int') to 'int32_t' (aka 'int') [-Wsign-conversion]
  return(result);
  ~~~~~~ ^~~~~~
C:/Program Files/Program_Keil/Keil_v5/Library/StdDriver/Source/spi.c(11): warning: In file included from...
C:/Program Files/Program_Keil/Keil_v5/Library/NUC100Series/Include\NUC100Series.h(150): warning: In file included from...
C:/Program Files/Program_Keil/Keil_v5/Library/CMSIS/Include\core_cm0.h(574): warning: implicit conversion changes signedness: 'int' to 'unsigned int' [-Wsign-conversion]
    SCB->SHP[_SHP_IDX(IRQn)] = (SCB->SHP[_SHP_IDX(IRQn)] & ~(0xFF << _BIT_SHIFT(IRQn))) |
                                                         ~ ^~~~~~~~~~~~~~~~~~~~~~~~~~~
C:/Program Files/Program_Keil/Keil_v5/Library/CMSIS/Include\core_cm0.h(577): warning: implicit conversion changes signedness: 'int' to 'unsigned int' [-Wsign-conversion]
    NVIC->IP[_IP_IDX(IRQn)] = (NVIC->IP[_IP_IDX(IRQn)] & ~(0xFF << _BIT_SHIFT(IRQn))) |
                                                       ~ ^~~~~~~~~~~~~~~~~~~~~~~~~~~
C:/Program Files/Program_Keil/Keil_v5/Library/CMSIS/Include\core_cm0.h(608): warning: function 'NVIC_SystemReset' could be declared with attribute 'noreturn' [-Wmissing-noreturn]
{
^
C:/Program Files/Program_Keil/Keil_v5/Library/StdDriver/Source/spi.c(11): warning: In file included from...
C:/Program Files/Program_Keil/Keil_v5/Library/NUC100Series/Include\NUC100Series.h(11321): warning: anonymous unions are a C11 extension [-Wc11-extensions]
    union
    ^
C:/Program Files/Program_Keil/Keil_v5/Library/NUC100Series/Include\NUC100Series.h(13605): warning: non-portable path to file '"sys.h"'; specified path differs in case from file name on disk [-Wnonportable-include-path]
#include "SYS.h"
         ^~~~~~~
         "sys.h"
C:/Program Files/Program_Keil/Keil_v5/Library/NUC100Series/Include\NUC100Series.h(13606): warning: non-portable path to file '"adc.h"'; specified path differs in case from file name on disk [-Wnonportable-include-path]
#include "ADC.h"
         ^~~~~~~
         "adc.h"
C:/Program Files/Program_Keil/Keil_v5/Library/NUC100Series/Include\NUC100Series.h(13607): warning: non-portable path to file '"fmc.h"'; specified path differs in case from file name on disk [-Wnonportable-include-path]
#include "FMC.h"
         ^~~~~~~
         "fmc.h"
C:/Program Files/Program_Keil/Keil_v5/Library/StdDriver/Source/spi.c(11): warning: In file included from...
C:/Program Files/Program_Keil/Keil_v5/Library/NUC100Series/Include\NUC100Series.h(13607): warning: In file included from...
C:/Program Files/Program_Keil/Keil_v5/Library/StdDriver/Include\FMC.h(314): warning: implicit conversion changes signedness: 'int' to 'uint32_t' (aka 'unsigned int') [-Wsign-conversion]
    FMC->ISPADR = (u8index << 2);      /* Set UID Address. It must be word alignment. */
                ~  ~~~~~~~~^~~~
C:/Program Files/Program_Keil/Keil_v5/Library/StdDriver/Source/spi.c(11): warning: In file included from...
C:/Program Files/Program_Keil/Keil_v5/Library/NUC100Series/Include\NUC100Series.h(13608): warning: non-portable path to file '"gpio.h"'; specified path differs in case from file name on disk [-Wnonportable-include-path]
#include "GPIO.h"
         ^~~~~~~~
         "gpio.h"
C:/Program Files/Program_Keil/Keil_v5/Library/NUC100Series/Include\NUC100Series.h(13609): warning: non-portable path to file '"i2c.h"'; specified path differs in case from file name on disk [-Wnonportable-include-path]
#include "I2C.h"
         ^~~~~~~
         "i2c.h"
C:/Program Files/Program_Keil/Keil_v5/Library/NUC100Series/Include\NUC100Series.h(13610): warning: non-portable path to file '"pwm.h"'; specified path differs in case from file name on disk [-Wnonportable-include-path]
#include "PWM.h"
         ^~~~~~~
         "pwm.h"
C:/Program Files/Program_Keil/Keil_v5/Library/NUC100Series/Include\NUC100Series.h(13611): warning: non-portable path to file '"spi.h"'; specified path differs in case from file name on disk [-Wnonportable-include-path]
#include "SPI.h"
         ^~~~~~~
         "spi.h"
C:/Program Files/Program_Keil/Keil_v5/Library/NUC100Series/Include\NUC100Series.h(13612): warning: non-portable path to file '"crc.h"'; specified path differs in case from file name on disk [-Wnonportable-include-path]
#include "CRC.h"
         ^~~~~~~
         "crc.h"
C:/Program Files/Program_Keil/Keil_v5/Library/NUC100Series/Include\NUC100Series.h(13613): warning: non-portable path to file '"timer.h"'; specified path differs in case from file name on disk [-Wnonportable-include-path]
#include "TIMER.h"
         ^~~~~~~~~
         "timer.h"
C:/Program Files/Program_Keil/Keil_v5/Library/NUC100Series/Include\NUC100Series.h(13614): warning: non-portable path to file '"wdt.h"'; specified path differs in case from file name on disk [-Wnonportable-include-path]
#include "WDT.h"
         ^~~~~~~
         "wdt.h"
C:/Program Files/Program_Keil/Keil_v5/Library/NUC100Series/Include\NUC100Series.h(13615): warning: non-portable path to file '"wwdt.h"'; specified path differs in case from file name on disk [-Wnonportable-include-path]
#include "WWDT.h"
         ^~~~~~~~
         "wwdt.h"
C:/Program Files/Program_Keil/Keil_v5/Library/NUC100Series/Include\NUC100Series.h(13616): warning: non-portable path to file '"rtc.h"'; specified path differs in case from file name on disk [-Wnonportable-include-path]
#include "RTC.h"
         ^~~~~~~
         "rtc.h"
C:/Program Files/Program_Keil/Keil_v5/Library/NUC100Series/Include\NUC100Series.h(13617): warning: non-portable path to file '"uart.h"'; specified path differs in case from file name on disk [-Wnonportable-include-path]
#include "UART.h"
         ^~~~~~~~
         "uart.h"
C:/Program Files/Program_Keil/Keil_v5/Library/NUC100Series/Include\NUC100Series.h(13618): warning: non-portable path to file '"i2s.h"'; specified path differs in case from file name on disk [-Wnonportable-include-path]
#include "I2S.h"
         ^~~~~~~
         "i2s.h"
C:/Program Files/Program_Keil/Keil_v5/Library/NUC100Series/Include\NUC100Series.h(13619): warning: non-portable path to file '"can.h"'; specified path differs in case from file name on disk [-Wnonportable-include-path]
#include "CAN.h"
         ^~~~~~~
         "can.h"
C:/Program Files/Program_Keil/Keil_v5/Library/NUC100Series/Include\NUC100Series.h(13620): warning: non-portable path to file '"usbd.h"'; specified path differs in case from file name on disk [-Wnonportable-include-path]
#include "USBD.h"
         ^~~~~~~~
         "usbd.h"
C:/Program Files/Program_Keil/Keil_v5/Library/StdDriver/Source/spi.c(11): warning: In file included from...
C:/Program Files/Program_Keil/Keil_v5/Library/NUC100Series/Include\NUC100Series.h(13620): warning: In file included from...
C:/Program Files/Program_Keil/Keil_v5/Library/StdDriver/Include\USBD.h(638): warning: variable 'u32CfgAddr' may be uninitialized when used here [-Wconditional-uninitialized]
    return ((*((__IO uint32_t *)(u32CfgAddr))) & USBD_CFGP_SSTALL);
                                 ^~~~~~~~~~
C:/Program Files/Program_Keil/Keil_v5/Library/StdDriver/Include\USBD.h(622): note: initialize the variable 'u32CfgAddr' to silence this warning
    uint32_t u32CfgAddr;
                       ^
                        = 0
C:/Program Files/Program_Keil/Keil_v5/Library/StdDriver/Source/spi.c(11): warning: In file included from...
C:/Program Files/Program_Keil/Keil_v5/Library/NUC100Series/Include\NUC100Series.h(13621): warning: non-portable path to file '"pdma.h"'; specified path differs in case from file name on disk [-Wnonportable-include-path]
#include "PDMA.h"
         ^~~~~~~~
         "pdma.h"
C:/Program Files/Program_Keil/Keil_v5/Library/NUC100Series/Include\NUC100Series.h(13622): warning: non-portable path to file '"sc.h"'; specified path differs in case from file name on disk [-Wnonportable-include-path]
#include "SC.h"
         ^~~~~~
         "sc.h"
C:/Program Files/Program_Keil/Keil_v5/Library/NUC100Series/Include\NUC100Series.h(13623): warning: non-portable path to file '"ps2.h"'; specified path differs in case from file name on disk [-Wnonportable-include-path]
#include "PS2.h"
         ^~~~~~~
         "ps2.h"
C:/Program Files/Program_Keil/Keil_v5/Library/NUC100Series/Include\NUC100Series.h(13624): warning: non-portable path to file '"clk.h"'; specified path differs in case from file name on disk [-Wnonportable-include-path]
#include "CLK.h"
         ^~~~~~~
         "clk.h"
C:/Program Files/Program_Keil/Keil_v5/Library/NUC100Series/Include\NUC100Series.h(13625): warning: non-portable path to file '"acmp.h"'; specified path differs in case from file name on disk [-Wnonportable-include-path]
#include "ACMP.h"
         ^~~~~~~~
         "acmp.h"
28 warnings generated.
compiling spi.c...
C:/Program Files/Program_Keil/Keil_v5/Library/NUC1xx-LB_002/Source/LCD.c(3): warning: In file included from...
C:/Program Files/Program_Keil/Keil_v5/Library/NUC100Series/Include\NUC100Series.h(150): warning: In file included from...
C:/Program Files/Program_Keil/Keil_v5/Library/CMSIS/Include\core_cm0.h(116): warning: In file included from...
C:/Program Files/Program_Keil/Keil_v5/Library/CMSIS/Include\core_cmInstr.h(406): warning: implicit conversion changes signedness: 'uint32_t' (aka 'unsigned int') to 'int32_t' (aka 'int') [-Wsign-conversion]
  return(result);
  ~~~~~~ ^~~~~~
C:/Program Files/Program_Keil/Keil_v5/Library/NUC1xx-LB_002/Source/LCD.c(3): warning: In file included from...
C:/Program Files/Program_Keil/Keil_v5/Library/NUC100Series/Include\NUC100Series.h(150): warning: In file included from...
C:/Program Files/Program_Keil/Keil_v5/Library/CMSIS/Include\core_cm0.h(574): warning: implicit conversion changes signedness: 'int' to 'unsigned int' [-Wsign-conversion]
    SCB->SHP[_SHP_IDX(IRQn)] = (SCB->SHP[_SHP_IDX(IRQn)] & ~(0xFF << _BIT_SHIFT(IRQn))) |
                                                         ~ ^~~~~~~~~~~~~~~~~~~~~~~~~~~
C:/Program Files/Program_Keil/Keil_v5/Library/CMSIS/Include\core_cm0.h(577): warning: implicit conversion changes signedness: 'int' to 'unsigned int' [-Wsign-conversion]
    NVIC->IP[_IP_IDX(IRQn)] = (NVIC->IP[_IP_IDX(IRQn)] & ~(0xFF << _BIT_SHIFT(IRQn))) |
                                                       ~ ^~~~~~~~~~~~~~~~~~~~~~~~~~~
C:/Program Files/Program_Keil/Keil_v5/Library/CMSIS/Include\core_cm0.h(608): warning: function 'NVIC_SystemReset' could be declared with attribute 'noreturn' [-Wmissing-noreturn]
{
^
C:/Program Files/Program_Keil/Keil_v5/Library/NUC1xx-LB_002/Source/LCD.c(3): warning: In file included from...
C:/Program Files/Program_Keil/Keil_v5/Library/NUC100Series/Include\NUC100Series.h(11321): warning: anonymous unions are a C11 extension [-Wc11-extensions]
    union
    ^
C:/Program Files/Program_Keil/Keil_v5/Library/NUC100Series/Include\NUC100Series.h(13605): warning: non-portable path to file '"sys.h"'; specified path differs in case from file name on disk [-Wnonportable-include-path]
#include "SYS.h"
         ^~~~~~~
         "sys.h"
C:/Program Files/Program_Keil/Keil_v5/Library/NUC100Series/Include\NUC100Series.h(13606): warning: non-portable path to file '"adc.h"'; specified path differs in case from file name on disk [-Wnonportable-include-path]
#include "ADC.h"
         ^~~~~~~
         "adc.h"
C:/Program Files/Program_Keil/Keil_v5/Library/NUC100Series/Include\NUC100Series.h(13607): warning: non-portable path to file '"fmc.h"'; specified path differs in case from file name on disk [-Wnonportable-include-path]
#include "FMC.h"
         ^~~~~~~
         "fmc.h"
C:/Program Files/Program_Keil/Keil_v5/Library/NUC1xx-LB_002/Source/LCD.c(3): warning: In file included from...
C:/Program Files/Program_Keil/Keil_v5/Library/NUC100Series/Include\NUC100Series.h(13607): warning: In file included from...
C:/Program Files/Program_Keil/Keil_v5/Library/StdDriver/Include\FMC.h(314): warning: implicit conversion changes signedness: 'int' to 'uint32_t' (aka 'unsigned int') [-Wsign-conversion]
    FMC->ISPADR = (u8index << 2);      /* Set UID Address. It must be word alignment. */
                ~  ~~~~~~~~^~~~
C:/Program Files/Program_Keil/Keil_v5/Library/NUC1xx-LB_002/Source/LCD.c(3): warning: In file included from...
C:/Program Files/Program_Keil/Keil_v5/Library/NUC100Series/Include\NUC100Series.h(13608): warning: non-portable path to file '"gpio.h"'; specified path differs in case from file name on disk [-Wnonportable-include-path]
#include "GPIO.h"
         ^~~~~~~~
         "gpio.h"
C:/Program Files/Program_Keil/Keil_v5/Library/NUC100Series/Include\NUC100Series.h(13609): warning: non-portable path to file '"i2c.h"'; specified path differs in case from file name on disk [-Wnonportable-include-path]
#include "I2C.h"
         ^~~~~~~
         "i2c.h"
C:/Program Files/Program_Keil/Keil_v5/Library/NUC100Series/Include\NUC100Series.h(13610): warning: non-portable path to file '"pwm.h"'; specified path differs in case from file name on disk [-Wnonportable-include-path]
#include "PWM.h"
         ^~~~~~~
         "pwm.h"
C:/Program Files/Program_Keil/Keil_v5/Library/NUC100Series/Include\NUC100Series.h(13611): warning: non-portable path to file '"spi.h"'; specified path differs in case from file name on disk [-Wnonportable-include-path]
#include "SPI.h"
         ^~~~~~~
         "spi.h"
C:/Program Files/Program_Keil/Keil_v5/Library/NUC100Series/Include\NUC100Series.h(13612): warning: non-portable path to file '"crc.h"'; specified path differs in case from file name on disk [-Wnonportable-include-path]
#include "CRC.h"
         ^~~~~~~
         "crc.h"
C:/Program Files/Program_Keil/Keil_v5/Library/NUC100Series/Include\NUC100Series.h(13613): warning: non-portable path to file '"timer.h"'; specified path differs in case from file name on disk [-Wnonportable-include-path]
#include "TIMER.h"
         ^~~~~~~~~
         "timer.h"
C:/Program Files/Program_Keil/Keil_v5/Library/NUC100Series/Include\NUC100Series.h(13614): warning: non-portable path to file '"wdt.h"'; specified path differs in case from file name on disk [-Wnonportable-include-path]
#include "WDT.h"
         ^~~~~~~
         "wdt.h"
C:/Program Files/Program_Keil/Keil_v5/Library/NUC100Series/Include\NUC100Series.h(13615): warning: non-portable path to file '"wwdt.h"'; specified path differs in case from file name on disk [-Wnonportable-include-path]
#include "WWDT.h"
         ^~~~~~~~
         "wwdt.h"
C:/Program Files/Program_Keil/Keil_v5/Library/NUC100Series/Include\NUC100Series.h(13616): warning: non-portable path to file '"rtc.h"'; specified path differs in case from file name on disk [-Wnonportable-include-path]
#include "RTC.h"
         ^~~~~~~
         "rtc.h"
C:/Program Files/Program_Keil/Keil_v5/Library/NUC100Series/Include\NUC100Series.h(13617): warning: non-portable path to file '"uart.h"'; specified path differs in case from file name on disk [-Wnonportable-include-path]
#include "UART.h"
         ^~~~~~~~
         "uart.h"
C:/Program Files/Program_Keil/Keil_v5/Library/NUC100Series/Include\NUC100Series.h(13618): warning: non-portable path to file '"i2s.h"'; specified path differs in case from file name on disk [-Wnonportable-include-path]
#include "I2S.h"
         ^~~~~~~
         "i2s.h"
C:/Program Files/Program_Keil/Keil_v5/Library/NUC100Series/Include\NUC100Series.h(13619): warning: non-portable path to file '"can.h"'; specified path differs in case from file name on disk [-Wnonportable-include-path]
#include "CAN.h"
         ^~~~~~~
         "can.h"
C:/Program Files/Program_Keil/Keil_v5/Library/NUC100Series/Include\NUC100Series.h(13620): warning: non-portable path to file '"usbd.h"'; specified path differs in case from file name on disk [-Wnonportable-include-path]
#include "USBD.h"
         ^~~~~~~~
         "usbd.h"
C:/Program Files/Program_Keil/Keil_v5/Library/NUC1xx-LB_002/Source/LCD.c(3): warning: In file included from...
C:/Program Files/Program_Keil/Keil_v5/Library/NUC100Series/Include\NUC100Series.h(13620): warning: In file included from...
C:/Program Files/Program_Keil/Keil_v5/Library/StdDriver/Include\USBD.h(638): warning: variable 'u32CfgAddr' may be uninitialized when used here [-Wconditional-uninitialized]
    return ((*((__IO uint32_t *)(u32CfgAddr))) & USBD_CFGP_SSTALL);
                                 ^~~~~~~~~~
C:/Program Files/Program_Keil/Keil_v5/Library/StdDriver/Include\USBD.h(622): note: initialize the variable 'u32CfgAddr' to silence this warning
    uint32_t u32CfgAddr;
                       ^
                        = 0
C:/Program Files/Program_Keil/Keil_v5/Library/NUC1xx-LB_002/Source/LCD.c(3): warning: In file included from...
C:/Program Files/Program_Keil/Keil_v5/Library/NUC100Series/Include\NUC100Series.h(13621): warning: non-portable path to file '"pdma.h"'; specified path differs in case from file name on disk [-Wnonportable-include-path]
#include "PDMA.h"
         ^~~~~~~~
         "pdma.h"
C:/Program Files/Program_Keil/Keil_v5/Library/NUC100Series/Include\NUC100Series.h(13622): warning: non-portable path to file '"sc.h"'; specified path differs in case from file name on disk [-Wnonportable-include-path]
#include "SC.h"
         ^~~~~~
         "sc.h"
C:/Program Files/Program_Keil/Keil_v5/Library/NUC100Series/Include\NUC100Series.h(13623): warning: non-portable path to file '"ps2.h"'; specified path differs in case from file name on disk [-Wnonportable-include-path]
#include "PS2.h"
         ^~~~~~~
         "ps2.h"
C:/Program Files/Program_Keil/Keil_v5/Library/NUC100Series/Include\NUC100Series.h(13624): warning: non-portable path to file '"clk.h"'; specified path differs in case from file name on disk [-Wnonportable-include-path]
#include "CLK.h"
         ^~~~~~~
         "clk.h"
C:/Program Files/Program_Keil/Keil_v5/Library/NUC100Series/Include\NUC100Series.h(13625): warning: non-portable path to file '"acmp.h"'; specified path differs in case from file name on disk [-Wnonportable-include-path]
#include "ACMP.h"
         ^~~~~~~~
         "acmp.h"
C:/Program Files/Program_Keil/Keil_v5/Library/NUC1xx-LB_002/Source/LCD.c(4): warning: non-portable path to file '"sys.h"'; specified path differs in case from file name on disk [-Wnonportable-include-path]
#include "SYS.h"
         ^~~~~~~
         "sys.h"
C:/Program Files/Program_Keil/Keil_v5/Library/NUC1xx-LB_002/Source/LCD.c(5): warning: non-portable path to file '"spi.h"'; specified path differs in case from file name on disk [-Wnonportable-include-path]
#include "SPI.h"
         ^~~~~~~
         "spi.h"
C:/Program Files/Program_Keil/Keil_v5/Library/NUC1xx-LB_002/Source/LCD.c(6): warning: non-portable path to file '"gpio.h"'; specified path differs in case from file name on disk [-Wnonportable-include-path]
#include "GPIO.h"       
         ^~~~~~~~
         "gpio.h"
C:/Program Files/Program_Keil/Keil_v5/Library/NUC1xx-LB_002/Source/LCD.c(9): warning: In file included from...
C:/Program Files/Program_Keil/Keil_v5/Library/NuMakerLib/Include\Font8x16.h(1): warning: no previous extern declaration for non-static variable 'Font8x16' [-Wmissing-variable-declarations]
unsigned char Font8x16[]={
              ^
C:/Program Files/Program_Keil/Keil_v5/Library/NuMakerLib/Include\Font8x16.h(1): note: declare 'static' if the variable is not intended to be used outside of this translation unit
unsigned char Font8x16[]={
^
C:/Program Files/Program_Keil/Keil_v5/Library/NUC1xx-LB_002/Source/LCD.c(13): warning: no previous prototype for function 'init_SPI3' [-Wmissing-prototypes]
void init_SPI3(void)
     ^
C:/Program Files/Program_Keil/Keil_v5/Library/NUC1xx-LB_002/Source/LCD.c(13): note: declare 'static' if the function is not intended to be used outside of this translation unit
void init_SPI3(void)
^
static 
C:/Program Files/Program_Keil/Keil_v5/Library/NUC1xx-LB_002/Source/LCD.c(21): warning: no previous prototype for function 'lcdWriteCommand' [-Wmissing-prototypes]
void lcdWriteCommand(unsigned char temp)
     ^
C:/Program Files/Program_Keil/Keil_v5/Library/NUC1xx-LB_002/Source/LCD.c(21): note: declare 'static' if the function is not intended to be used outside of this translation unit
void lcdWriteCommand(unsigned char temp)
^
static 
C:/Program Files/Program_Keil/Keil_v5/Library/NUC1xx-LB_002/Source/LCD.c(31): warning: no previous prototype for function 'lcdWriteData' [-Wmissing-prototypes]
void lcdWriteData(uint8_t temp)
     ^
C:/Program Files/Program_Keil/Keil_v5/Library/NUC1xx-LB_002/Source/LCD.c(31): note: declare 'static' if the function is not intended to be used outside of this translation unit
void lcdWriteData(uint8_t temp)
^
static 
C:/Program Files/Program_Keil/Keil_v5/Library/NUC1xx-LB_002/Source/LCD.c(41): warning: no previous prototype for function 'lcdSetAddr' [-Wmissing-prototypes]
void lcdSetAddr(uint8_t PageAddr, uint8_t ColumnAddr)
     ^
C:/Program Files/Program_Keil/Keil_v5/Library/NUC1xx-LB_002/Source/LCD.c(41): note: declare 'static' if the function is not intended to be used outside of this translation unit
void lcdSetAddr(uint8_t PageAddr, uint8_t ColumnAddr)
^
static 
C:/Program Files/Program_Keil/Keil_v5/Library/NUC1xx-LB_002/Source/LCD.c(93): warning: implicit conversion loses integer precision: 'int' to 'uint8_t' (aka 'unsigned char') [-Wimplicit-int-conversion]
        lcdSetAddr((y/8),(LCD_Xmax+1-x-i));
        ~~~~~~~~~~  ~^~
C:/Program Files/Program_Keil/Keil_v5/Library/NUC1xx-LB_002/Source/LCD.c(93): warning: implicit conversion loses integer precision: 'int' to 'uint8_t' (aka 'unsigned char') [-Wimplicit-int-conversion]
        lcdSetAddr((y/8),(LCD_Xmax+1-x-i));
        ~~~~~~~~~~        ~~~~~~~~~~~~^~
C:/Program Files/Program_Keil/Keil_v5/Library/NUC1xx-LB_002/Source/LCD.c(99): warning: implicit conversion loses integer precision: 'int' to 'uint8_t' (aka 'unsigned char') [-Wimplicit-int-conversion]
        lcdSetAddr((y/8)+1,(LCD_Xmax+1-x-i));    
        ~~~~~~~~~~ ~~~~~^~
C:/Program Files/Program_Keil/Keil_v5/Library/NUC1xx-LB_002/Source/LCD.c(99): warning: implicit conversion loses integer precision: 'int' to 'uint8_t' (aka 'unsigned char') [-Wimplicit-int-conversion]
        lcdSetAddr((y/8)+1,(LCD_Xmax+1-x-i));    
        ~~~~~~~~~~          ~~~~~~~~~~~~^~
C:/Program Files/Program_Keil/Keil_v5/Library/NUC1xx-LB_002/Source/LCD.c(114): warning: implicit conversion loses integer precision: 'int' to 'uint8_t' (aka 'unsigned char') [-Wimplicit-int-conversion]
                          lcdSetAddr((y/8),(LCD_Xmax+1-x-i)); 
                          ~~~~~~~~~~  ~^~
C:/Program Files/Program_Keil/Keil_v5/Library/NUC1xx-LB_002/Source/LCD.c(114): warning: implicit conversion loses integer precision: 'int' to 'uint8_t' (aka 'unsigned char') [-Wimplicit-int-conversion]
                          lcdSetAddr((y/8),(LCD_Xmax+1-x-i)); 
                          ~~~~~~~~~~        ~~~~~~~~~~~~^~
C:/Program Files/Program_Keil/Keil_v5/Library/NUC1xx-LB_002/Source/LCD.c(123): warning: comparison of integers of different signs: 'int8_t' (aka 'signed char') and 'unsigned int' [-Wsign-compare]
        for (i=0;i<strlen(text);i++) 
                 ~^~~~~~~~~~~~~
C:/Program Files/Program_Keil/Keil_v5/Library/NUC1xx-LB_002/Source/LCD.c(130): warning: comparison of integers of different signs: 'int8_t' (aka 'signed char') and 'unsigned int' [-Wsign-compare]
        for (i=0;i<strlen(text);i++) 
                 ~^~~~~~~~~~~~~
C:/Program Files/Program_Keil/Keil_v5/Library/NUC1xx-LB_002/Source/LCD.c(148): warning: implicit conversion loses integer precision: 'int' to 'uint8_t' (aka 'unsigned char') [-Wimplicit-int-conversion]
                           kx=x+i;
                             ~~^~
C:/Program Files/Program_Keil/Keil_v5/Library/NUC1xx-LB_002/Source/LCD.c(151): warning: implicit conversion loses integer precision: 'int' to 'uint8_t' (aka 'unsigned char') [-Wimplicit-int-conversion]
                                              ky=y+k;
                                                ~~^~
C:/Program Files/Program_Keil/Keil_v5/Library/NUC1xx-LB_002/Source/LCD.c(164): warning: implicit conversion loses integer precision: 'int' to 'uint8_t' (aka 'unsigned char') [-Wimplicit-int-conversion]
                           kx=x+i;
                             ~~^~
C:/Program Files/Program_Keil/Keil_v5/Library/NUC1xx-LB_002/Source/LCD.c(167): warning: implicit conversion loses integer precision: 'int' to 'uint8_t' (aka 'unsigned char') [-Wimplicit-int-conversion]
                                              ky=y+k;
                                                ~~^~
C:/Program Files/Program_Keil/Keil_v5/Library/NUC1xx-LB_002/Source/LCD.c(180): warning: implicit conversion loses integer precision: 'int' to 'uint8_t' (aka 'unsigned char') [-Wimplicit-int-conversion]
                           kx=x+i;
                             ~~^~
C:/Program Files/Program_Keil/Keil_v5/Library/NUC1xx-LB_002/Source/LCD.c(183): warning: implicit conversion loses integer precision: 'int' to 'uint8_t' (aka 'unsigned char') [-Wimplicit-int-conversion]
                                              ky=y+k;
                                                ~~^~
C:/Program Files/Program_Keil/Keil_v5/Library/NUC1xx-LB_002/Source/LCD.c(196): warning: implicit conversion loses integer precision: 'int' to 'uint8_t' (aka 'unsigned char') [-Wimplicit-int-conversion]
                           kx=x+i;
                             ~~^~
C:/Program Files/Program_Keil/Keil_v5/Library/NUC1xx-LB_002/Source/LCD.c(199): warning: implicit conversion loses integer precision: 'int' to 'uint8_t' (aka 'unsigned char') [-Wimplicit-int-conversion]
                                              ky=y+k;
                                                ~~^~
C:/Program Files/Program_Keil/Keil_v5/Library/NUC1xx-LB_002/Source/LCD.c(204): warning: implicit conversion loses integer precision: 'int' to 'uint8_t' (aka 'unsigned char') [-Wimplicit-int-conversion]
                                              ky=y+k+8;
                                                ~~~~^~
C:/Program Files/Program_Keil/Keil_v5/Library/NUC1xx-LB_002/Source/LCD.c(218): warning: implicit conversion loses integer precision: 'int' to 'uint8_t' (aka 'unsigned char') [-Wimplicit-int-conversion]
                           kx=x+i;
                             ~~^~
C:/Program Files/Program_Keil/Keil_v5/Library/NUC1xx-LB_002/Source/LCD.c(221): warning: implicit conversion loses integer precision: 'int' to 'uint8_t' (aka 'unsigned char') [-Wimplicit-int-conversion]
                                              ky=y+k;
                                                ~~^~
C:/Program Files/Program_Keil/Keil_v5/Library/NUC1xx-LB_002/Source/LCD.c(236): warning: implicit conversion loses integer precision: 'int' to 'uint8_t' (aka 'unsigned char') [-Wimplicit-int-conversion]
            kx=x+i;
              ~~^~
C:/Program Files/Program_Keil/Keil_v5/Library/NUC1xx-LB_002/Source/LCD.c(239): warning: implicit conversion loses integer precision: 'int' to 'uint8_t' (aka 'unsigned char') [-Wimplicit-int-conversion]
                                              ky=y+j*8+k;
                                                ~~~~~~^~
C:/Program Files/Program_Keil/Keil_v5/Library/NUC1xx-LB_002/Source/LCD.c(254): warning: implicit conversion loses integer precision: 'int' to 'uint8_t' (aka 'unsigned char') [-Wimplicit-int-conversion]
            kx=x+i;
              ~~^~
C:/Program Files/Program_Keil/Keil_v5/Library/NUC1xx-LB_002/Source/LCD.c(257): warning: implicit conversion loses integer precision: 'int' to 'uint8_t' (aka 'unsigned char') [-Wimplicit-int-conversion]
                                              ky=y+j*8+k;
                                                ~~~~~~^~
C:/Program Files/Program_Keil/Keil_v5/Library/NUC1xx-LB_002/Source/LCD.c(272): warning: implicit conversion loses integer precision: 'int' to 'uint8_t' (aka 'unsigned char') [-Wimplicit-int-conversion]
            kx=x+i;
              ~~^~
C:/Program Files/Program_Keil/Keil_v5/Library/NUC1xx-LB_002/Source/LCD.c(275): warning: implicit conversion loses integer precision: 'int' to 'uint8_t' (aka 'unsigned char') [-Wimplicit-int-conversion]
                                              ky=y+j*8+k;
                                                ~~~~~~^~
C:/Program Files/Program_Keil/Keil_v5/Library/NUC1xx-LB_002/Source/LCD.c(291): warning: implicit conversion loses integer precision: 'int' to 'uint8_t' (aka 'unsigned char') [-Wimplicit-int-conversion]
            kx=x+i;
              ~~^~
C:/Program Files/Program_Keil/Keil_v5/Library/NUC1xx-LB_002/Source/LCD.c(294): warning: implicit conversion loses integer precision: 'int' to 'uint8_t' (aka 'unsigned char') [-Wimplicit-int-conversion]
                                              ky=y+j*8+k;
                                                ~~~~~~^~
C:/Program Files/Program_Keil/Keil_v5/Library/NUC1xx-LB_002/Source/LCD.c(309): warning: implicit conversion loses integer precision: 'int16_t' (aka 'short') to 'uint8_t' (aka 'unsigned char') [-Wimplicit-int-conversion]
         k=x;                    
          ~^
C:/Program Files/Program_Keil/Keil_v5/Library/NUC1xx-LB_002/Source/LCD.c(311): warning: implicit conversion loses integer precision: 'int' to 'uint8_t' (aka 'unsigned char') [-Wimplicit-int-conversion]
            kx=x+i;
              ~~^~
C:/Program Files/Program_Keil/Keil_v5/Library/NUC1xx-LB_002/Source/LCD.c(314): warning: implicit conversion loses integer precision: 'int' to 'uint8_t' (aka 'unsigned char') [-Wimplicit-int-conversion]
                                              ky=y+j*8+k;
                                                ~~~~~~^~
C:/Program Files/Program_Keil/Keil_v5/Library/NUC1xx-LB_002/Source/LCD.c(329): warning: implicit conversion loses integer precision: 'int16_t' (aka 'short') to 'uint8_t' (aka 'unsigned char') [-Wimplicit-int-conversion]
                                 k=x;
                                  ~^
C:/Program Files/Program_Keil/Keil_v5/Library/NUC1xx-LB_002/Source/LCD.c(331): warning: implicit conversion loses integer precision: 'int' to 'uint8_t' (aka 'unsigned char') [-Wimplicit-int-conversion]
            kx=x+i;
              ~~^~
C:/Program Files/Program_Keil/Keil_v5/Library/NUC1xx-LB_002/Source/LCD.c(334): warning: implicit conversion loses integer precision: 'int' to 'uint8_t' (aka 'unsigned char') [-Wimplicit-int-conversion]
                                              ky=y+j*8+k;
                                                ~~~~~~^~
C:/Program Files/Program_Keil/Keil_v5/Library/NUC1xx-LB_002/Source/LCD.c(350): warning: implicit conversion loses integer precision: 'int16_t' (aka 'short') to 'uint8_t' (aka 'unsigned char') [-Wimplicit-int-conversion]
                           k=x;
                            ~^
C:/Program Files/Program_Keil/Keil_v5/Library/NUC1xx-LB_002/Source/LCD.c(352): warning: implicit conversion loses integer precision: 'int' to 'uint8_t' (aka 'unsigned char') [-Wimplicit-int-conversion]
            kx=x+jx*16+i;
              ~~~~~~~~^~
C:/Program Files/Program_Keil/Keil_v5/Library/NUC1xx-LB_002/Source/LCD.c(355): warning: implicit conversion loses integer precision: 'int' to 'uint8_t' (aka 'unsigned char') [-Wimplicit-int-conversion]
                                              ky=y+jy*8+k;
                                                ~~~~~~~^~
C:/Program Files/Program_Keil/Keil_v5/Library/NUC1xx-LB_002/Source/LCD.c(371): warning: implicit conversion loses integer precision: 'int16_t' (aka 'short') to 'uint8_t' (aka 'unsigned char') [-Wimplicit-int-conversion]
                           k=x;
                            ~^
C:/Program Files/Program_Keil/Keil_v5/Library/NUC1xx-LB_002/Source/LCD.c(373): warning: implicit conversion loses integer precision: 'int' to 'uint8_t' (aka 'unsigned char') [-Wimplicit-int-conversion]
            kx=x+jx*16+i;
              ~~~~~~~~^~
C:/Program Files/Program_Keil/Keil_v5/Library/NUC1xx-LB_002/Source/LCD.c(376): warning: implicit conversion loses integer precision: 'int' to 'uint8_t' (aka 'unsigned char') [-Wimplicit-int-conversion]
                                              ky=y+jy*8+k;
                                                ~~~~~~~^~
C:/Program Files/Program_Keil/Keil_v5/Library/NUC1xx-LB_002/Source/LCD.c(392): warning: implicit conversion loses integer precision: 'int16_t' (aka 'short') to 'uint8_t' (aka 'unsigned char') [-Wimplicit-int-conversion]
                           k=x;
                            ~^
C:/Program Files/Program_Keil/Keil_v5/Library/NUC1xx-LB_002/Source/LCD.c(394): warning: implicit conversion loses integer precision: 'int' to 'uint8_t' (aka 'unsigned char') [-Wimplicit-int-conversion]
                                          kx=x+jx*16+i;
                                            ~~~~~~~~^~
C:/Program Files/Program_Keil/Keil_v5/Library/NUC1xx-LB_002/Source/LCD.c(397): warning: implicit conversion loses integer precision: 'int' to 'uint8_t' (aka 'unsigned char') [-Wimplicit-int-conversion]
                                              ky=y+jy*8+k;
                                                ~~~~~~~^~
C:/Program Files/Program_Keil/Keil_v5/Library/NUC1xx-LB_002/Source/LCD.c(413): warning: implicit conversion loses integer precision: 'int16_t' (aka 'short') to 'uint8_t' (aka 'unsigned char') [-Wimplicit-int-conversion]
                           k=x;
                            ~^
C:/Program Files/Program_Keil/Keil_v5/Library/NUC1xx-LB_002/Source/LCD.c(415): warning: implicit conversion loses integer precision: 'int' to 'uint8_t' (aka 'unsigned char') [-Wimplicit-int-conversion]
                                          kx=x+jx*16+i;
                                            ~~~~~~~~^~
C:/Program Files/Program_Keil/Keil_v5/Library/NUC1xx-LB_002/Source/LCD.c(418): warning: implicit conversion loses integer precision: 'int' to 'uint8_t' (aka 'unsigned char') [-Wimplicit-int-conversion]
                                              ky=y+jy*8+k;
                                                ~~~~~~~^~
C:/Program Files/Program_Keil/Keil_v5/Library/NUC1xx-LB_002/Source/LCD.c(434): warning: implicit conversion loses integer precision: 'int16_t' (aka 'short') to 'uint8_t' (aka 'unsigned char') [-Wimplicit-int-conversion]
               k=x;
                ~^
C:/Program Files/Program_Keil/Keil_v5/Library/NUC1xx-LB_002/Source/LCD.c(436): warning: implicit conversion loses integer precision: 'int' to 'uint8_t' (aka 'unsigned char') [-Wimplicit-int-conversion]
                                          kx=x+jx*16+i;
                                            ~~~~~~~~^~
C:/Program Files/Program_Keil/Keil_v5/Library/NUC1xx-LB_002/Source/LCD.c(439): warning: implicit conversion loses integer precision: 'int' to 'uint8_t' (aka 'unsigned char') [-Wimplicit-int-conversion]
                                              ky=y+jy*8+k;
                                                ~~~~~~~^~
C:/Program Files/Program_Keil/Keil_v5/Library/NUC1xx-LB_002/Source/LCD.c(456): warning: implicit conversion loses integer precision: 'int' to 'uint8_t' (aka 'unsigned char') [-Wimplicit-int-conversion]
        lcdSetAddr(y/8,(LCD_Xmax+1-x));
        ~~~~~~~~~~ ~^~
C:/Program Files/Program_Keil/Keil_v5/Library/NUC1xx-LB_002/Source/LCD.c(456): warning: implicit conversion loses integer precision: 'int' to 'uint8_t' (aka 'unsigned char') [-Wimplicit-int-conversion]
        lcdSetAddr(y/8,(LCD_Xmax+1-x));
        ~~~~~~~~~~      ~~~~~~~~~~^~
C:/Program Files/Program_Keil/Keil_v5/Library/NUC1xx-LB_002/Source/LCD.c(449): warning: unused parameter 'bgColor' [-Wunused-parameter]
void draw_Pixel(int16_t x, int16_t y, uint16_t fgColor, uint16_t bgColor)
                                                                 ^
C:/Program Files/Program_Keil/Keil_v5/Library/NUC1xx-LB_002/Source/LCD.c(11): warning: no previous extern declaration for non-static variable 'DisplayBuffer' [-Wmissing-variable-declarations]
char DisplayBuffer[128*8];
     ^
C:/Program Files/Program_Keil/Keil_v5/Library/NUC1xx-LB_002/Source/LCD.c(11): note: declare 'static' if the variable is not intended to be used outside of this translation unit
char DisplayBuffer[128*8];
^
88 warnings generated.
compiling LCD.c...
linking...
Program Size: Code=3604 RO-data=744 RW-data=96 ZI-data=1672  
".\Objects\Tut3.axf" - 0 Error(s), 338 Warning(s).

<h2>Software Packages used:</h2>

Package Vendor: Nuvoton
                https://github.com/OpenNuvoton/cmsis-packs/raw/master/Nuvoton_DFP/Nuvoton.NuMicro_DFP.1.3.16.pack
                Nuvoton.NuMicro_DFP.1.3.16
                Nuvoton ARM Cortex-M NuMicro Family Device Support

<h2>Collection of Component include folders:</h2>
  .\RTE\_Target_1
  C:\Program Files\Program_Keil\Keil_v5\Nuvoton\NuMicro_DFP\1.3.16\Device\NUC100\Include

<h2>Collection of Component Files used:</h2>
Build Time Elapsed:  00:00:04
</pre>
</body>
</html>
